[     637ms] [ERROR] Unexpected hydration error Minified React error #418; visit https://react.dev/errors/418?args[]=HTML&args[]= for the full message or use the non-minified dev environment for full errors and additional helpful warnings. 
    at Suspense (<anonymous>)
    at m (https://s.pinimg.com/webapp/www/search/[scope]-0651fe3e398b3dea.mjs:73:21367)
    at o7 (https://s.pinimg.com/webapp/www/_client-d64afd47ba8fea89.mjs:239:11686)
    at rj (https://s.pinimg.com/webapp/www/_client-d64afd47ba8fea89.mjs:239:18376)
    at rB (https://s.pinimg.com/webapp/www/_client-d64afd47ba8fea89.mjs:239:21885)
    at ps (https://s.pinimg.com/webapp/www/_client-d64afd47ba8fea89.mjs:379:91572)
    at reduxProvider (https://s.pinimg.com/webapp/www/_client-d64afd47ba8fea89.mjs:383:167583)
    at https://s.pinimg.com/webapp/www/_client-d64afd47ba8fea89.mjs:383:149503
    at hy (https://s.pinimg.com/webapp/www/_client-d64afd47ba8fea89.mjs:383:116675)
    at hw (https://s.pinimg.com/webapp/www/_client-d64afd47ba8fea89.mjs:383:116753)
    at ht (https://s.pinimg.com/webapp/www/_client-d64afd47ba8fea89.mjs:383:113163)
    at M (https://s.pinimg.com/webapp/56710-14eb4c2751630d7f.mjs:6:19516)
    at o (https://s.pinimg.com/webapp/91870-1ed7b96666f0ad78.mjs:4:23735)
    at https://s.pinimg.com/webapp/vendor-react-68014d4c9d555ba9.mjs:9:69109
    at s (https://s.pinimg.com/webapp/10232-78253cc3913ef148.mjs:1:86418)
    at g (https://s.pinimg.com/webapp/www/search/[scope]-0651fe3e398b3dea.mjs:69:7610)
    at hn (https://s.pinimg.com/webapp/www/_client-d64afd47ba8fea89.mjs:383:114054)
    at tF (https://s.pinimg.com/webapp/vendor-react-68014d4c9d555ba9.mjs:14:6486)
    at tN (https://s.pinimg.com/webapp/vendor-react-68014d4c9d555ba9.mjs:14:4430)
    at https://s.pinimg.com/webapp/vendor-react-68014d4c9d555ba9.mjs:14:12631
    at t5 (https://s.pinimg.com/webapp/vendor-react-68014d4c9d555ba9.mjs:14:13641)
    at tJ (https://s.pinimg.com/webapp/vendor-react-68014d4c9d555ba9.mjs:14:9012)
    at Suspense (<anonymous>) @ https://s.pinimg.com/webapp/www/_client-d64afd47ba8fea89.mjs:382
[     758ms] [WARNING] [GSI_LOGGER]: Your client application uses one of the Google One Tap prompt UI status methods that may stop functioning when FedCM becomes mandatory. Refer to the migration guide to update your code accordingly and opt-in to FedCM to test your changes. Learn more: https://developers.google.com/identity/gsi/web/guides/fedcm-migration?s=dc#display_moment and https://developers.google.com/identity/gsi/web/guides/fedcm-migration?s=dc#skipped_moment @ https://accounts.google.com/gsi/client?hl=en:86
[     771ms] [ERROR] Not signed in with the identity provider. @ https://www.pinterest.com/search/pins/?q=2020%20ford%20mustang%20shelby%20gt500:0
[     942ms] [ERROR] Failed to load resource: the server responded with a status of 404 () @ https://www.pinterest.com/secure/unauth_user_data/:0
[    3838ms] [ERROR] [GSI_LOGGER]: FedCM get() rejects with NetworkError: Error retrieving a token. @ https://accounts.google.com/gsi/client?hl=en:87
[    9388ms] [WARNING] The resource https://i.pinimg.com/236x/b9/67/19/b96719bee690e03bb84abc47fded8666.jpg was preloaded using link preload but not used within a few seconds from the window's load event. Please make sure it has an appropriate `as` value and it is preloaded intentionally. @ https://www.pinterest.com/search/pins/?q=2020%20ford%20mustang%20shelby%20gt500:0
[    9388ms] [WARNING] The resource https://i.pinimg.com/236x/02/c2/e7/02c2e7961f84cf8d2f7673957159a6eb.jpg was preloaded using link preload but not used within a few seconds from the window's load event. Please make sure it has an appropriate `as` value and it is preloaded intentionally. @ https://www.pinterest.com/search/pins/?q=2020%20ford%20mustang%20shelby%20gt500:0
[    9388ms] [WARNING] The resource https://i.pinimg.com/236x/74/c8/2f/74c82f846efb411ce88d7e4a2596509e.jpg was preloaded using link preload but not used within a few seconds from the window's load event. Please make sure it has an appropriate `as` value and it is preloaded intentionally. @ https://www.pinterest.com/search/pins/?q=2020%20ford%20mustang%20shelby%20gt500:0
[    9388ms] [WARNING] The resource https://i.pinimg.com/236x/3a/0b/88/3a0b884aefafbacf31dad3b5c45edf7d.jpg was preloaded using link preload but not used within a few seconds from the window's load event. Please make sure it has an appropriate `as` value and it is preloaded intentionally. @ https://www.pinterest.com/search/pins/?q=2020%20ford%20mustang%20shelby%20gt500:0
[    9388ms] [WARNING] The resource https://i.pinimg.com/236x/fc/5a/da/fc5ada47dd465369df9d61912117827a.jpg was preloaded using link preload but not used within a few seconds from the window's load event. Please make sure it has an appropriate `as` value and it is preloaded intentionally. @ https://www.pinterest.com/search/pins/?q=2020%20ford%20mustang%20shelby%20gt500:0
[    9388ms] [WARNING] The resource https://i.pinimg.com/236x/42/e1/f9/42e1f9b5d1ed33bd24bdc8d1418e4518.jpg was preloaded using link preload but not used within a few seconds from the window's load event. Please make sure it has an appropriate `as` value and it is preloaded intentionally. @ https://www.pinterest.com/search/pins/?q=2020%20ford%20mustang%20shelby%20gt500:0
[    9388ms] [WARNING] The resource https://i.pinimg.com/236x/af/26/7e/af267e62db89d3c55250e3ace21c3e7c.jpg was preloaded using link preload but not used within a few seconds from the window's load event. Please make sure it has an appropriate `as` value and it is preloaded intentionally. @ https://www.pinterest.com/search/pins/?q=2020%20ford%20mustang%20shelby%20gt500:0
[    9388ms] [WARNING] The resource https://i.pinimg.com/236x/3e/3a/12/3e3a121ff4b473be476efc86edb0b0d5.jpg was preloaded using link preload but not used within a few seconds from the window's load event. Please make sure it has an appropriate `as` value and it is preloaded intentionally. @ https://www.pinterest.com/search/pins/?q=2020%20ford%20mustang%20shelby%20gt500:0
