[     502ms] Error: Unable to retrieve appVersion because #__PWS_DATA__ was not found in the DOM.
    at o (https://s.pinimg.com/webapp/78929-57972949b7dac93e.mjs:2:18251)
    at d (https://s.pinimg.com/webapp/91870-1ed7b96666f0ad78.mjs:4:48957)
    at https://s.pinimg.com/webapp/91870-1ed7b96666f0ad78.mjs:4:49917
[     503ms] Error: Unable to retrieve appVersion because #__PWS_DATA__ was not found in the DOM.
    at o (https://s.pinimg.com/webapp/78929-57972949b7dac93e.mjs:2:18251)
    at d (https://s.pinimg.com/webapp/91870-1ed7b96666f0ad78.mjs:4:48957)
    at https://s.pinimg.com/webapp/91870-1ed7b96666f0ad78.mjs:4:49556
[     503ms] Error: Unable to retrieve appVersion because #__PWS_DATA__ was not found in the DOM.
    at o (https://s.pinimg.com/webapp/78929-57972949b7dac93e.mjs:2:18251)
    at d (https://s.pinimg.com/webapp/91870-1ed7b96666f0ad78.mjs:4:48957)
    at https://s.pinimg.com/webapp/91870-1ed7b96666f0ad78.mjs:4:49917
[     503ms] Error: Unable to retrieve appVersion because #__PWS_DATA__ was not found in the DOM.
    at o (https://s.pinimg.com/webapp/78929-57972949b7dac93e.mjs:2:18251)
    at d (https://s.pinimg.com/webapp/91870-1ed7b96666f0ad78.mjs:4:48957)
    at https://s.pinimg.com/webapp/91870-1ed7b96666f0ad78.mjs:4:49556
[     503ms] Error: Unable to retrieve appVersion because #__PWS_DATA__ was not found in the DOM.
    at o (https://s.pinimg.com/webapp/78929-57972949b7dac93e.mjs:2:18251)
    at d (https://s.pinimg.com/webapp/91870-1ed7b96666f0ad78.mjs:4:48957)
    at https://s.pinimg.com/webapp/91870-1ed7b96666f0ad78.mjs:4:49917
[     503ms] Error: Unable to retrieve appVersion because #__PWS_DATA__ was not found in the DOM.
    at o (https://s.pinimg.com/webapp/78929-57972949b7dac93e.mjs:2:18251)
    at d (https://s.pinimg.com/webapp/91870-1ed7b96666f0ad78.mjs:4:48957)
    at https://s.pinimg.com/webapp/91870-1ed7b96666f0ad78.mjs:4:49556
[    1005ms] [ERROR] Unexpected hydration error Minified React error #418; visit https://react.dev/errors/418?args[]=HTML&args[]= for the full message or use the non-minified dev environment for full errors and additional helpful warnings. 
    at Suspense (<anonymous>)
    at m (https://s.pinimg.com/webapp/www/search/[scope]-0651fe3e398b3dea.mjs:73:21367)
    at o7 (https://s.pinimg.com/webapp/www/_client-d64afd47ba8fea89.mjs:239:11686)
    at rj (https://s.pinimg.com/webapp/www/_client-d64afd47ba8fea89.mjs:239:18376)
    at rB (https://s.pinimg.com/webapp/www/_client-d64afd47ba8fea89.mjs:239:21885)
    at ps (https://s.pinimg.com/webapp/www/_client-d64afd47ba8fea89.mjs:379:91572)
    at reduxProvider (https://s.pinimg.com/webapp/www/_client-d64afd47ba8fea89.mjs:383:167583)
    at https://s.pinimg.com/webapp/www/_client-d64afd47ba8fea89.mjs:383:149503
    at hy (https://s.pinimg.com/webapp/www/_client-d64afd47ba8fea89.mjs:383:116675)
    at hw (https://s.pinimg.com/webapp/www/_client-d64afd47ba8fea89.mjs:383:116753)
    at ht (https://s.pinimg.com/webapp/www/_client-d64afd47ba8fea89.mjs:383:113163)
    at M (https://s.pinimg.com/webapp/56710-14eb4c2751630d7f.mjs:6:19516)
    at o (https://s.pinimg.com/webapp/91870-1ed7b96666f0ad78.mjs:4:23735)
    at https://s.pinimg.com/webapp/vendor-react-68014d4c9d555ba9.mjs:9:69109
    at s (https://s.pinimg.com/webapp/10232-78253cc3913ef148.mjs:1:86418)
    at g (https://s.pinimg.com/webapp/www/search/[scope]-0651fe3e398b3dea.mjs:69:7610)
    at hn (https://s.pinimg.com/webapp/www/_client-d64afd47ba8fea89.mjs:383:114054)
    at tF (https://s.pinimg.com/webapp/vendor-react-68014d4c9d555ba9.mjs:14:6486)
    at tN (https://s.pinimg.com/webapp/vendor-react-68014d4c9d555ba9.mjs:14:4430)
    at https://s.pinimg.com/webapp/vendor-react-68014d4c9d555ba9.mjs:14:12631
    at t5 (https://s.pinimg.com/webapp/vendor-react-68014d4c9d555ba9.mjs:14:13641)
    at tJ (https://s.pinimg.com/webapp/vendor-react-68014d4c9d555ba9.mjs:14:9012)
    at Suspense (<anonymous>) @ https://s.pinimg.com/webapp/www/_client-d64afd47ba8fea89.mjs:382
[    1075ms] [WARNING] [GSI_LOGGER]: Your client application uses one of the Google One Tap prompt UI status methods that may stop functioning when FedCM becomes mandatory. Refer to the migration guide to update your code accordingly and opt-in to FedCM to test your changes. Learn more: https://developers.google.com/identity/gsi/web/guides/fedcm-migration?s=dc#display_moment and https://developers.google.com/identity/gsi/web/guides/fedcm-migration?s=dc#skipped_moment @ https://accounts.google.com/gsi/client?hl=en:86
[    1083ms] [ERROR] Not signed in with the identity provider. @ https://www.pinterest.com/search/pins/?q=1932%20ford%20v8%20coupe%20studio:0
[    1315ms] [ERROR] Failed to load resource: the server responded with a status of 404 () @ https://www.pinterest.com/secure/unauth_user_data/:0
