[     771ms] Error: Unable to retrieve appVersion because #__PWS_DATA__ was not found in the DOM.
    at o (https://s.pinimg.com/webapp/78929-57972949b7dac93e.mjs:2:18251)
    at d (https://s.pinimg.com/webapp/13729-1f321e30ff21934c.mjs:4:40278)
    at https://s.pinimg.com/webapp/13729-1f321e30ff21934c.mjs:4:41238
[     771ms] Error: Unable to retrieve appVersion because #__PWS_DATA__ was not found in the DOM.
    at o (https://s.pinimg.com/webapp/78929-57972949b7dac93e.mjs:2:18251)
    at d (https://s.pinimg.com/webapp/13729-1f321e30ff21934c.mjs:4:40278)
    at https://s.pinimg.com/webapp/13729-1f321e30ff21934c.mjs:4:40877
[     772ms] Error: Unable to retrieve appVersion because #__PWS_DATA__ was not found in the DOM.
    at o (https://s.pinimg.com/webapp/78929-57972949b7dac93e.mjs:2:18251)
    at d (https://s.pinimg.com/webapp/13729-1f321e30ff21934c.mjs:4:40278)
    at https://s.pinimg.com/webapp/13729-1f321e30ff21934c.mjs:4:41238
[     772ms] Error: Unable to retrieve appVersion because #__PWS_DATA__ was not found in the DOM.
    at o (https://s.pinimg.com/webapp/78929-57972949b7dac93e.mjs:2:18251)
    at d (https://s.pinimg.com/webapp/13729-1f321e30ff21934c.mjs:4:40278)
    at https://s.pinimg.com/webapp/13729-1f321e30ff21934c.mjs:4:40877
[     772ms] Error: Unable to retrieve appVersion because #__PWS_DATA__ was not found in the DOM.
    at o (https://s.pinimg.com/webapp/78929-57972949b7dac93e.mjs:2:18251)
    at d (https://s.pinimg.com/webapp/13729-1f321e30ff21934c.mjs:4:40278)
    at https://s.pinimg.com/webapp/13729-1f321e30ff21934c.mjs:4:41238
[     772ms] Error: Unable to retrieve appVersion because #__PWS_DATA__ was not found in the DOM.
    at o (https://s.pinimg.com/webapp/78929-57972949b7dac93e.mjs:2:18251)
    at d (https://s.pinimg.com/webapp/13729-1f321e30ff21934c.mjs:4:40278)
    at https://s.pinimg.com/webapp/13729-1f321e30ff21934c.mjs:4:40877
[    1419ms] [ERROR] Unexpected hydration error Minified React error #418; visit https://react.dev/errors/418?args[]=HTML&args[]= for the full message or use the non-minified dev environment for full errors and additional helpful warnings. 
    at Suspense (<anonymous>)
    at A (https://s.pinimg.com/webapp/13729-1f321e30ff21934c.mjs:4:42376)
    at o7 (https://s.pinimg.com/webapp/www/_client-d64afd47ba8fea89.mjs:239:11686)
    at rj (https://s.pinimg.com/webapp/www/_client-d64afd47ba8fea89.mjs:239:18376)
    at rB (https://s.pinimg.com/webapp/www/_client-d64afd47ba8fea89.mjs:239:21885)
    at ps (https://s.pinimg.com/webapp/www/_client-d64afd47ba8fea89.mjs:379:91572)
    at reduxProvider (https://s.pinimg.com/webapp/www/_client-d64afd47ba8fea89.mjs:383:167583)
    at https://s.pinimg.com/webapp/www/_client-d64afd47ba8fea89.mjs:383:149503
    at hy (https://s.pinimg.com/webapp/www/_client-d64afd47ba8fea89.mjs:383:116675)
    at hw (https://s.pinimg.com/webapp/www/_client-d64afd47ba8fea89.mjs:383:116753)
    at ht (https://s.pinimg.com/webapp/www/_client-d64afd47ba8fea89.mjs:383:113163)
    at M (https://s.pinimg.com/webapp/56710-14eb4c2751630d7f.mjs:6:19516)
    at o (https://s.pinimg.com/webapp/13729-1f321e30ff21934c.mjs:4:24490)
    at e.exports (https://s.pinimg.com/webapp/vendor-react-68014d4c9d555ba9.mjs:9:69109)
    at s (https://s.pinimg.com/webapp/10232-78253cc3913ef148.mjs:1:86418)
    at _ (https://s.pinimg.com/webapp/13729-1f321e30ff21934c.mjs:4:8265)
    at hn (https://s.pinimg.com/webapp/www/_client-d64afd47ba8fea89.mjs:383:114054)
    at tF (https://s.pinimg.com/webapp/vendor-react-68014d4c9d555ba9.mjs:14:6486)
    at tN (https://s.pinimg.com/webapp/vendor-react-68014d4c9d555ba9.mjs:14:4430)
    at https://s.pinimg.com/webapp/vendor-react-68014d4c9d555ba9.mjs:14:12631
    at t5 (https://s.pinimg.com/webapp/vendor-react-68014d4c9d555ba9.mjs:14:13641)
    at tJ (https://s.pinimg.com/webapp/vendor-react-68014d4c9d555ba9.mjs:14:9012)
    at Suspense (<anonymous>) @ https://s.pinimg.com/webapp/www/_client-d64afd47ba8fea89.mjs:382
[    1532ms] [WARNING] [GSI_LOGGER]: Your client application uses one of the Google One Tap prompt UI status methods that may stop functioning when FedCM becomes mandatory. Refer to the migration guide to update your code accordingly and opt-in to FedCM to test your changes. Learn more: https://developers.google.com/identity/gsi/web/guides/fedcm-migration?s=dc#display_moment and https://developers.google.com/identity/gsi/web/guides/fedcm-migration?s=dc#skipped_moment @ https://accounts.google.com/gsi/client?hl=en:86
[    1542ms] [ERROR] Not signed in with the identity provider. @ https://www.pinterest.com/search/pins/?q=benz%20patent%20motorwagen%201886:0
[    1684ms] [ERROR] Failed to load resource: the server responded with a status of 404 () @ https://www.pinterest.com/secure/unauth_user_data/:0
[   10560ms] [WARNING] The resource https://i.pinimg.com/236x/69/70/12/6970122581c9f0e56ab15cdcdc6ea5fc.jpg was preloaded using link preload but not used within a few seconds from the window's load event. Please make sure it has an appropriate `as` value and it is preloaded intentionally. @ https://www.pinterest.com/search/pins/?q=benz%20patent%20motorwagen%201886:0
[   10560ms] [WARNING] The resource https://i.pinimg.com/236x/bd/d2/b5/bdd2b54de95990dfadd2bfbebcd61aa9.jpg was preloaded using link preload but not used within a few seconds from the window's load event. Please make sure it has an appropriate `as` value and it is preloaded intentionally. @ https://www.pinterest.com/search/pins/?q=benz%20patent%20motorwagen%201886:0
[   10560ms] [WARNING] The resource https://i.pinimg.com/236x/cd/7a/01/cd7a017e1e2efab3500385b02cc664d4.jpg was preloaded using link preload but not used within a few seconds from the window's load event. Please make sure it has an appropriate `as` value and it is preloaded intentionally. @ https://www.pinterest.com/search/pins/?q=benz%20patent%20motorwagen%201886:0
[   10560ms] [WARNING] The resource https://i.pinimg.com/236x/f8/d8/ee/f8d8eeaff51c2fd2fbb296fbeac6ca82.jpg was preloaded using link preload but not used within a few seconds from the window's load event. Please make sure it has an appropriate `as` value and it is preloaded intentionally. @ https://www.pinterest.com/search/pins/?q=benz%20patent%20motorwagen%201886:0
[   10560ms] [WARNING] The resource https://i.pinimg.com/236x/b7/a6/f9/b7a6f90537cdffc60e1dbc2faa29978e.jpg was preloaded using link preload but not used within a few seconds from the window's load event. Please make sure it has an appropriate `as` value and it is preloaded intentionally. @ https://www.pinterest.com/search/pins/?q=benz%20patent%20motorwagen%201886:0
[   10560ms] [WARNING] The resource https://i.pinimg.com/236x/2c/6a/db/2c6adb407255e21796c46260dd74a19f.jpg was preloaded using link preload but not used within a few seconds from the window's load event. Please make sure it has an appropriate `as` value and it is preloaded intentionally. @ https://www.pinterest.com/search/pins/?q=benz%20patent%20motorwagen%201886:0
[   10560ms] [WARNING] The resource https://i.pinimg.com/236x/77/e6/54/77e65486bf216843519c79cdcbd40d89.jpg was preloaded using link preload but not used within a few seconds from the window's load event. Please make sure it has an appropriate `as` value and it is preloaded intentionally. @ https://www.pinterest.com/search/pins/?q=benz%20patent%20motorwagen%201886:0
[   10560ms] [WARNING] The resource https://i.pinimg.com/236x/1d/c4/b1/1dc4b13cb17d0591b930668a1e090956.jpg was preloaded using link preload but not used within a few seconds from the window's load event. Please make sure it has an appropriate `as` value and it is preloaded intentionally. @ https://www.pinterest.com/search/pins/?q=benz%20patent%20motorwagen%201886:0
[   15367ms] [WARNING] The resource https://i.pinimg.com/236x/69/70/12/6970122581c9f0e56ab15cdcdc6ea5fc.jpg was preloaded using link preload but not used within a few seconds from the window's load event. Please make sure it has an appropriate `as` value and it is preloaded intentionally. @ https://www.pinterest.com/search/pins/?q=benz%20patent%20motorwagen%201886:0
[   15367ms] [WARNING] The resource https://i.pinimg.com/236x/bd/d2/b5/bdd2b54de95990dfadd2bfbebcd61aa9.jpg was preloaded using link preload but not used within a few seconds from the window's load event. Please make sure it has an appropriate `as` value and it is preloaded intentionally. @ https://www.pinterest.com/search/pins/?q=benz%20patent%20motorwagen%201886:0
[   15367ms] [WARNING] The resource https://i.pinimg.com/236x/cd/7a/01/cd7a017e1e2efab3500385b02cc664d4.jpg was preloaded using link preload but not used within a few seconds from the window's load event. Please make sure it has an appropriate `as` value and it is preloaded intentionally. @ https://www.pinterest.com/search/pins/?q=benz%20patent%20motorwagen%201886:0
[   15367ms] [WARNING] The resource https://i.pinimg.com/236x/f8/d8/ee/f8d8eeaff51c2fd2fbb296fbeac6ca82.jpg was preloaded using link preload but not used within a few seconds from the window's load event. Please make sure it has an appropriate `as` value and it is preloaded intentionally. @ https://www.pinterest.com/search/pins/?q=benz%20patent%20motorwagen%201886:0
[   15367ms] [WARNING] The resource https://i.pinimg.com/236x/b7/a6/f9/b7a6f90537cdffc60e1dbc2faa29978e.jpg was preloaded using link preload but not used within a few seconds from the window's load event. Please make sure it has an appropriate `as` value and it is preloaded intentionally. @ https://www.pinterest.com/search/pins/?q=benz%20patent%20motorwagen%201886:0
[   15367ms] [WARNING] The resource https://i.pinimg.com/236x/2c/6a/db/2c6adb407255e21796c46260dd74a19f.jpg was preloaded using link preload but not used within a few seconds from the window's load event. Please make sure it has an appropriate `as` value and it is preloaded intentionally. @ https://www.pinterest.com/search/pins/?q=benz%20patent%20motorwagen%201886:0
[   15367ms] [WARNING] The resource https://i.pinimg.com/236x/77/e6/54/77e65486bf216843519c79cdcbd40d89.jpg was preloaded using link preload but not used within a few seconds from the window's load event. Please make sure it has an appropriate `as` value and it is preloaded intentionally. @ https://www.pinterest.com/search/pins/?q=benz%20patent%20motorwagen%201886:0
[   15367ms] [WARNING] The resource https://i.pinimg.com/236x/1d/c4/b1/1dc4b13cb17d0591b930668a1e090956.jpg was preloaded using link preload but not used within a few seconds from the window's load event. Please make sure it has an appropriate `as` value and it is preloaded intentionally. @ https://www.pinterest.com/search/pins/?q=benz%20patent%20motorwagen%201886:0
[   23070ms] Error: Unable to retrieve appVersion because #__PWS_DATA__ was not found in the DOM.
    at o (https://s.pinimg.com/webapp/78929-57972949b7dac93e.mjs:2:18251)
    at d (https://s.pinimg.com/webapp/91870-1ed7b96666f0ad78.mjs:4:48957)
    at https://s.pinimg.com/webapp/91870-1ed7b96666f0ad78.mjs:4:49917
[   23070ms] Error: Unable to retrieve appVersion because #__PWS_DATA__ was not found in the DOM.
    at o (https://s.pinimg.com/webapp/78929-57972949b7dac93e.mjs:2:18251)
    at d (https://s.pinimg.com/webapp/91870-1ed7b96666f0ad78.mjs:4:48957)
    at https://s.pinimg.com/webapp/91870-1ed7b96666f0ad78.mjs:4:49556
[   23071ms] Error: Unable to retrieve appVersion because #__PWS_DATA__ was not found in the DOM.
    at o (https://s.pinimg.com/webapp/78929-57972949b7dac93e.mjs:2:18251)
    at d (https://s.pinimg.com/webapp/91870-1ed7b96666f0ad78.mjs:4:48957)
    at https://s.pinimg.com/webapp/91870-1ed7b96666f0ad78.mjs:4:49917
[   23071ms] Error: Unable to retrieve appVersion because #__PWS_DATA__ was not found in the DOM.
    at o (https://s.pinimg.com/webapp/78929-57972949b7dac93e.mjs:2:18251)
    at d (https://s.pinimg.com/webapp/91870-1ed7b96666f0ad78.mjs:4:48957)
    at https://s.pinimg.com/webapp/91870-1ed7b96666f0ad78.mjs:4:49556
[   23071ms] Error: Unable to retrieve appVersion because #__PWS_DATA__ was not found in the DOM.
    at o (https://s.pinimg.com/webapp/78929-57972949b7dac93e.mjs:2:18251)
    at d (https://s.pinimg.com/webapp/91870-1ed7b96666f0ad78.mjs:4:48957)
    at https://s.pinimg.com/webapp/91870-1ed7b96666f0ad78.mjs:4:49917
[   23071ms] Error: Unable to retrieve appVersion because #__PWS_DATA__ was not found in the DOM.
    at o (https://s.pinimg.com/webapp/78929-57972949b7dac93e.mjs:2:18251)
    at d (https://s.pinimg.com/webapp/91870-1ed7b96666f0ad78.mjs:4:48957)
    at https://s.pinimg.com/webapp/91870-1ed7b96666f0ad78.mjs:4:49556
[   23593ms] [ERROR] Unexpected hydration error Minified React error #418; visit https://react.dev/errors/418?args[]=HTML&args[]= for the full message or use the non-minified dev environment for full errors and additional helpful warnings. 
    at Suspense (<anonymous>)
    at m (https://s.pinimg.com/webapp/www/search/[scope]-0651fe3e398b3dea.mjs:73:21367)
    at o7 (https://s.pinimg.com/webapp/www/_client-d64afd47ba8fea89.mjs:239:11686)
    at rj (https://s.pinimg.com/webapp/www/_client-d64afd47ba8fea89.mjs:239:18376)
    at rB (https://s.pinimg.com/webapp/www/_client-d64afd47ba8fea89.mjs:239:21885)
    at ps (https://s.pinimg.com/webapp/www/_client-d64afd47ba8fea89.mjs:379:91572)
    at reduxProvider (https://s.pinimg.com/webapp/www/_client-d64afd47ba8fea89.mjs:383:167583)
    at https://s.pinimg.com/webapp/www/_client-d64afd47ba8fea89.mjs:383:149503
    at hy (https://s.pinimg.com/webapp/www/_client-d64afd47ba8fea89.mjs:383:116675)
    at hw (https://s.pinimg.com/webapp/www/_client-d64afd47ba8fea89.mjs:383:116753)
    at ht (https://s.pinimg.com/webapp/www/_client-d64afd47ba8fea89.mjs:383:113163)
    at M (https://s.pinimg.com/webapp/85509-f79cf83731d2c331.mjs:1:65364)
    at o (https://s.pinimg.com/webapp/91870-1ed7b96666f0ad78.mjs:4:23735)
    at https://s.pinimg.com/webapp/vendor-react-68014d4c9d555ba9.mjs:9:69109
    at s (https://s.pinimg.com/webapp/10232-78253cc3913ef148.mjs:1:86418)
    at g (https://s.pinimg.com/webapp/www/search/[scope]-0651fe3e398b3dea.mjs:69:7610)
    at hn (https://s.pinimg.com/webapp/www/_client-d64afd47ba8fea89.mjs:383:114054)
    at tF (https://s.pinimg.com/webapp/vendor-react-68014d4c9d555ba9.mjs:14:6486)
    at tN (https://s.pinimg.com/webapp/vendor-react-68014d4c9d555ba9.mjs:14:4430)
    at https://s.pinimg.com/webapp/vendor-react-68014d4c9d555ba9.mjs:14:12631
    at t5 (https://s.pinimg.com/webapp/vendor-react-68014d4c9d555ba9.mjs:14:13641)
    at tJ (https://s.pinimg.com/webapp/vendor-react-68014d4c9d555ba9.mjs:14:9012)
    at Suspense (<anonymous>) @ https://s.pinimg.com/webapp/www/_client-d64afd47ba8fea89.mjs:382
[   23657ms] [WARNING] [GSI_LOGGER]: Your client application uses one of the Google One Tap prompt UI status methods that may stop functioning when FedCM becomes mandatory. Refer to the migration guide to update your code accordingly and opt-in to FedCM to test your changes. Learn more: https://developers.google.com/identity/gsi/web/guides/fedcm-migration?s=dc#display_moment and https://developers.google.com/identity/gsi/web/guides/fedcm-migration?s=dc#skipped_moment @ https://accounts.google.com/gsi/client?hl=en:86
[   23664ms] [ERROR] Not signed in with the identity provider. @ https://www.pinterest.com/search/pins/?q=benz%20patent%20motorwagen:0
[   23842ms] [ERROR] Failed to load resource: the server responded with a status of 404 () @ https://www.pinterest.com/secure/unauth_user_data/:0
[   27347ms] Error: Unable to retrieve appVersion because #__PWS_DATA__ was not found in the DOM.
    at o (https://s.pinimg.com/webapp/78929-57972949b7dac93e.mjs:2:18251)
    at d (https://s.pinimg.com/webapp/13729-1f321e30ff21934c.mjs:4:40278)
    at https://s.pinimg.com/webapp/13729-1f321e30ff21934c.mjs:4:41238
[   27348ms] Error: Unable to retrieve appVersion because #__PWS_DATA__ was not found in the DOM.
    at o (https://s.pinimg.com/webapp/78929-57972949b7dac93e.mjs:2:18251)
    at d (https://s.pinimg.com/webapp/13729-1f321e30ff21934c.mjs:4:40278)
    at https://s.pinimg.com/webapp/13729-1f321e30ff21934c.mjs:4:40877
[   27348ms] Error: Unable to retrieve appVersion because #__PWS_DATA__ was not found in the DOM.
    at o (https://s.pinimg.com/webapp/78929-57972949b7dac93e.mjs:2:18251)
    at d (https://s.pinimg.com/webapp/13729-1f321e30ff21934c.mjs:4:40278)
    at https://s.pinimg.com/webapp/13729-1f321e30ff21934c.mjs:4:41238
[   27348ms] Error: Unable to retrieve appVersion because #__PWS_DATA__ was not found in the DOM.
    at o (https://s.pinimg.com/webapp/78929-57972949b7dac93e.mjs:2:18251)
    at d (https://s.pinimg.com/webapp/13729-1f321e30ff21934c.mjs:4:40278)
    at https://s.pinimg.com/webapp/13729-1f321e30ff21934c.mjs:4:40877
[   27348ms] Error: Unable to retrieve appVersion because #__PWS_DATA__ was not found in the DOM.
    at o (https://s.pinimg.com/webapp/78929-57972949b7dac93e.mjs:2:18251)
    at d (https://s.pinimg.com/webapp/13729-1f321e30ff21934c.mjs:4:40278)
    at https://s.pinimg.com/webapp/13729-1f321e30ff21934c.mjs:4:41238
[   27348ms] Error: Unable to retrieve appVersion because #__PWS_DATA__ was not found in the DOM.
    at o (https://s.pinimg.com/webapp/78929-57972949b7dac93e.mjs:2:18251)
    at d (https://s.pinimg.com/webapp/13729-1f321e30ff21934c.mjs:4:40278)
    at https://s.pinimg.com/webapp/13729-1f321e30ff21934c.mjs:4:40877
[   28000ms] [ERROR] Unexpected hydration error Minified React error #418; visit https://react.dev/errors/418?args[]=HTML&args[]= for the full message or use the non-minified dev environment for full errors and additional helpful warnings. 
    at Suspense (<anonymous>)
    at A (https://s.pinimg.com/webapp/13729-1f321e30ff21934c.mjs:4:42376)
    at o7 (https://s.pinimg.com/webapp/www/_client-d64afd47ba8fea89.mjs:239:11686)
    at rj (https://s.pinimg.com/webapp/www/_client-d64afd47ba8fea89.mjs:239:18376)
    at rB (https://s.pinimg.com/webapp/www/_client-d64afd47ba8fea89.mjs:239:21885)
    at ps (https://s.pinimg.com/webapp/www/_client-d64afd47ba8fea89.mjs:379:91572)
    at reduxProvider (https://s.pinimg.com/webapp/www/_client-d64afd47ba8fea89.mjs:383:167583)
    at https://s.pinimg.com/webapp/www/_client-d64afd47ba8fea89.mjs:383:149503
    at hy (https://s.pinimg.com/webapp/www/_client-d64afd47ba8fea89.mjs:383:116675)
    at hw (https://s.pinimg.com/webapp/www/_client-d64afd47ba8fea89.mjs:383:116753)
    at ht (https://s.pinimg.com/webapp/www/_client-d64afd47ba8fea89.mjs:383:113163)
    at M (https://s.pinimg.com/webapp/56710-14eb4c2751630d7f.mjs:6:19516)
    at o (https://s.pinimg.com/webapp/13729-1f321e30ff21934c.mjs:4:24490)
    at https://s.pinimg.com/webapp/vendor-react-68014d4c9d555ba9.mjs:9:69109
    at s (https://s.pinimg.com/webapp/10232-78253cc3913ef148.mjs:1:86418)
    at _ (https://s.pinimg.com/webapp/13729-1f321e30ff21934c.mjs:4:8265)
    at hn (https://s.pinimg.com/webapp/www/_client-d64afd47ba8fea89.mjs:383:114054)
    at tF (https://s.pinimg.com/webapp/vendor-react-68014d4c9d555ba9.mjs:14:6486)
    at tN (https://s.pinimg.com/webapp/vendor-react-68014d4c9d555ba9.mjs:14:4430)
    at https://s.pinimg.com/webapp/vendor-react-68014d4c9d555ba9.mjs:14:12631
    at t5 (https://s.pinimg.com/webapp/vendor-react-68014d4c9d555ba9.mjs:14:13641)
    at tJ (https://s.pinimg.com/webapp/vendor-react-68014d4c9d555ba9.mjs:14:9012)
    at Suspense (<anonymous>) @ https://s.pinimg.com/webapp/www/_client-d64afd47ba8fea89.mjs:382
[   28053ms] [WARNING] [GSI_LOGGER]: Your client application uses one of the Google One Tap prompt UI status methods that may stop functioning when FedCM becomes mandatory. Refer to the migration guide to update your code accordingly and opt-in to FedCM to test your changes. Learn more: https://developers.google.com/identity/gsi/web/guides/fedcm-migration?s=dc#display_moment and https://developers.google.com/identity/gsi/web/guides/fedcm-migration?s=dc#skipped_moment @ https://accounts.google.com/gsi/client?hl=en:86
[   28060ms] [ERROR] Not signed in with the identity provider. @ https://www.pinterest.com/search/pins/?q=ford%20model%20t%201908%20car:0
[   28246ms] [ERROR] Failed to load resource: the server responded with a status of 404 () @ https://www.pinterest.com/secure/unauth_user_data/:0
[   30550ms] [ERROR] [GSI_LOGGER]: FedCM get() rejects with NetworkError: Error retrieving a token. @ https://accounts.google.com/gsi/client?hl=en:87
[   32075ms] [ERROR] Unexpected hydration error Minified React error #418; visit https://react.dev/errors/418?args[]=HTML&args[]= for the full message or use the non-minified dev environment for full errors and additional helpful warnings. 
    at Suspense (<anonymous>)
    at A (https://s.pinimg.com/webapp/13729-1f321e30ff21934c.mjs:4:42376)
    at o7 (https://s.pinimg.com/webapp/www/_client-d64afd47ba8fea89.mjs:239:11686)
    at rj (https://s.pinimg.com/webapp/www/_client-d64afd47ba8fea89.mjs:239:18376)
    at rB (https://s.pinimg.com/webapp/www/_client-d64afd47ba8fea89.mjs:239:21885)
    at ps (https://s.pinimg.com/webapp/www/_client-d64afd47ba8fea89.mjs:379:91572)
    at reduxProvider (https://s.pinimg.com/webapp/www/_client-d64afd47ba8fea89.mjs:383:167583)
    at https://s.pinimg.com/webapp/www/_client-d64afd47ba8fea89.mjs:383:149503
    at hy (https://s.pinimg.com/webapp/www/_client-d64afd47ba8fea89.mjs:383:116675)
    at hw (https://s.pinimg.com/webapp/www/_client-d64afd47ba8fea89.mjs:383:116753)
    at ht (https://s.pinimg.com/webapp/www/_client-d64afd47ba8fea89.mjs:383:113163)
    at M (https://s.pinimg.com/webapp/85509-f79cf83731d2c331.mjs:1:65364)
    at o (https://s.pinimg.com/webapp/13729-1f321e30ff21934c.mjs:4:24490)
    at https://s.pinimg.com/webapp/vendor-react-68014d4c9d555ba9.mjs:9:69109
    at s (https://s.pinimg.com/webapp/10232-78253cc3913ef148.mjs:1:86418)
    at _ (https://s.pinimg.com/webapp/13729-1f321e30ff21934c.mjs:4:8265)
    at hn (https://s.pinimg.com/webapp/www/_client-d64afd47ba8fea89.mjs:383:114054)
    at tF (https://s.pinimg.com/webapp/vendor-react-68014d4c9d555ba9.mjs:14:6486)
    at tN (https://s.pinimg.com/webapp/vendor-react-68014d4c9d555ba9.mjs:14:4430)
    at https://s.pinimg.com/webapp/vendor-react-68014d4c9d555ba9.mjs:14:12631
    at t5 (https://s.pinimg.com/webapp/vendor-react-68014d4c9d555ba9.mjs:14:13641)
    at tJ (https://s.pinimg.com/webapp/vendor-react-68014d4c9d555ba9.mjs:14:9012)
    at Suspense (<anonymous>) @ https://s.pinimg.com/webapp/www/_client-d64afd47ba8fea89.mjs:382
[   32133ms] [WARNING] [GSI_LOGGER]: Your client application uses one of the Google One Tap prompt UI status methods that may stop functioning when FedCM becomes mandatory. Refer to the migration guide to update your code accordingly and opt-in to FedCM to test your changes. Learn more: https://developers.google.com/identity/gsi/web/guides/fedcm-migration?s=dc#display_moment and https://developers.google.com/identity/gsi/web/guides/fedcm-migration?s=dc#skipped_moment @ https://accounts.google.com/gsi/client?hl=en:86
[   32140ms] [ERROR] Not signed in with the identity provider. @ https://www.pinterest.com/search/pins/?q=chrysler%20airflow%201934:0
[   32319ms] [ERROR] Failed to load resource: the server responded with a status of 404 () @ https://www.pinterest.com/secure/unauth_user_data/:0
[   37132ms] [ERROR] Unexpected hydration error Minified React error #418; visit https://react.dev/errors/418?args[]=HTML&args[]= for the full message or use the non-minified dev environment for full errors and additional helpful warnings. 
    at Suspense (<anonymous>)
    at A (https://s.pinimg.com/webapp/13729-1f321e30ff21934c.mjs:4:42376)
    at o7 (https://s.pinimg.com/webapp/www/_client-d64afd47ba8fea89.mjs:239:11686)
    at rj (https://s.pinimg.com/webapp/www/_client-d64afd47ba8fea89.mjs:239:18376)
    at rB (https://s.pinimg.com/webapp/www/_client-d64afd47ba8fea89.mjs:239:21885)
    at ps (https://s.pinimg.com/webapp/www/_client-d64afd47ba8fea89.mjs:379:91572)
    at reduxProvider (https://s.pinimg.com/webapp/www/_client-d64afd47ba8fea89.mjs:383:167583)
    at https://s.pinimg.com/webapp/www/_client-d64afd47ba8fea89.mjs:383:149503
    at hy (https://s.pinimg.com/webapp/www/_client-d64afd47ba8fea89.mjs:383:116675)
    at hw (https://s.pinimg.com/webapp/www/_client-d64afd47ba8fea89.mjs:383:116753)
    at ht (https://s.pinimg.com/webapp/www/_client-d64afd47ba8fea89.mjs:383:113163)
    at M (https://s.pinimg.com/webapp/85509-f79cf83731d2c331.mjs:1:65364)
    at o (https://s.pinimg.com/webapp/13729-1f321e30ff21934c.mjs:4:24490)
    at https://s.pinimg.com/webapp/vendor-react-68014d4c9d555ba9.mjs:9:69109
    at s (https://s.pinimg.com/webapp/10232-78253cc3913ef148.mjs:1:86418)
    at _ (https://s.pinimg.com/webapp/13729-1f321e30ff21934c.mjs:4:8265)
    at hn (https://s.pinimg.com/webapp/www/_client-d64afd47ba8fea89.mjs:383:114054)
    at tF (https://s.pinimg.com/webapp/vendor-react-68014d4c9d555ba9.mjs:14:6486)
    at tN (https://s.pinimg.com/webapp/vendor-react-68014d4c9d555ba9.mjs:14:4430)
    at https://s.pinimg.com/webapp/vendor-react-68014d4c9d555ba9.mjs:14:12631
    at t5 (https://s.pinimg.com/webapp/vendor-react-68014d4c9d555ba9.mjs:14:13641)
    at tJ (https://s.pinimg.com/webapp/vendor-react-68014d4c9d555ba9.mjs:14:9012)
    at Suspense (<anonymous>) @ https://s.pinimg.com/webapp/www/_client-d64afd47ba8fea89.mjs:382
[   37192ms] [WARNING] [GSI_LOGGER]: Your client application uses one of the Google One Tap prompt UI status methods that may stop functioning when FedCM becomes mandatory. Refer to the migration guide to update your code accordingly and opt-in to FedCM to test your changes. Learn more: https://developers.google.com/identity/gsi/web/guides/fedcm-migration?s=dc#display_moment and https://developers.google.com/identity/gsi/web/guides/fedcm-migration?s=dc#skipped_moment @ https://accounts.google.com/gsi/client?hl=en:86
[   37209ms] [ERROR] Not signed in with the identity provider. @ https://www.pinterest.com/search/pins/?q=mercedes%20300%20sl%20gullwing:0
[   37375ms] [ERROR] Failed to load resource: the server responded with a status of 404 () @ https://www.pinterest.com/secure/unauth_user_data/:0
[   37787ms] [ERROR] Failed to load resource: net::ERR_FILE_NOT_FOUND @ blob:https://www.pinterest.com/65e629b2-e262-4a32-b525-aafae02f24b1:0
[   40707ms] Error: Unable to retrieve appVersion because #__PWS_DATA__ was not found in the DOM.
    at o (https://s.pinimg.com/webapp/78929-57972949b7dac93e.mjs:2:18251)
    at d (https://s.pinimg.com/webapp/13729-1f321e30ff21934c.mjs:4:40278)
    at https://s.pinimg.com/webapp/13729-1f321e30ff21934c.mjs:4:41238
[   40707ms] Error: Unable to retrieve appVersion because #__PWS_DATA__ was not found in the DOM.
    at o (https://s.pinimg.com/webapp/78929-57972949b7dac93e.mjs:2:18251)
    at d (https://s.pinimg.com/webapp/13729-1f321e30ff21934c.mjs:4:40278)
    at https://s.pinimg.com/webapp/13729-1f321e30ff21934c.mjs:4:40877
[   40707ms] Error: Unable to retrieve appVersion because #__PWS_DATA__ was not found in the DOM.
    at o (https://s.pinimg.com/webapp/78929-57972949b7dac93e.mjs:2:18251)
    at d (https://s.pinimg.com/webapp/13729-1f321e30ff21934c.mjs:4:40278)
    at https://s.pinimg.com/webapp/13729-1f321e30ff21934c.mjs:4:41238
[   40707ms] Error: Unable to retrieve appVersion because #__PWS_DATA__ was not found in the DOM.
    at o (https://s.pinimg.com/webapp/78929-57972949b7dac93e.mjs:2:18251)
    at d (https://s.pinimg.com/webapp/13729-1f321e30ff21934c.mjs:4:40278)
    at https://s.pinimg.com/webapp/13729-1f321e30ff21934c.mjs:4:40877
[   40707ms] Error: Unable to retrieve appVersion because #__PWS_DATA__ was not found in the DOM.
    at o (https://s.pinimg.com/webapp/78929-57972949b7dac93e.mjs:2:18251)
    at d (https://s.pinimg.com/webapp/13729-1f321e30ff21934c.mjs:4:40278)
    at https://s.pinimg.com/webapp/13729-1f321e30ff21934c.mjs:4:41238
[   40707ms] Error: Unable to retrieve appVersion because #__PWS_DATA__ was not found in the DOM.
    at o (https://s.pinimg.com/webapp/78929-57972949b7dac93e.mjs:2:18251)
    at d (https://s.pinimg.com/webapp/13729-1f321e30ff21934c.mjs:4:40278)
    at https://s.pinimg.com/webapp/13729-1f321e30ff21934c.mjs:4:40877
[   41390ms] [ERROR] Unexpected hydration error Minified React error #418; visit https://react.dev/errors/418?args[]=HTML&args[]= for the full message or use the non-minified dev environment for full errors and additional helpful warnings. 
    at Suspense (<anonymous>)
    at A (https://s.pinimg.com/webapp/13729-1f321e30ff21934c.mjs:4:42376)
    at o7 (https://s.pinimg.com/webapp/www/_client-d64afd47ba8fea89.mjs:239:11686)
    at rj (https://s.pinimg.com/webapp/www/_client-d64afd47ba8fea89.mjs:239:18376)
    at rB (https://s.pinimg.com/webapp/www/_client-d64afd47ba8fea89.mjs:239:21885)
    at ps (https://s.pinimg.com/webapp/www/_client-d64afd47ba8fea89.mjs:379:91572)
    at reduxProvider (https://s.pinimg.com/webapp/www/_client-d64afd47ba8fea89.mjs:383:167583)
    at https://s.pinimg.com/webapp/www/_client-d64afd47ba8fea89.mjs:383:149503
    at hy (https://s.pinimg.com/webapp/www/_client-d64afd47ba8fea89.mjs:383:116675)
    at hw (https://s.pinimg.com/webapp/www/_client-d64afd47ba8fea89.mjs:383:116753)
    at ht (https://s.pinimg.com/webapp/www/_client-d64afd47ba8fea89.mjs:383:113163)
    at M (https://s.pinimg.com/webapp/85509-f79cf83731d2c331.mjs:1:65364)
    at o (https://s.pinimg.com/webapp/13729-1f321e30ff21934c.mjs:4:24490)
    at https://s.pinimg.com/webapp/vendor-react-68014d4c9d555ba9.mjs:9:69109
    at s (https://s.pinimg.com/webapp/10232-78253cc3913ef148.mjs:1:86418)
    at _ (https://s.pinimg.com/webapp/13729-1f321e30ff21934c.mjs:4:8265)
    at hn (https://s.pinimg.com/webapp/www/_client-d64afd47ba8fea89.mjs:383:114054)
    at tF (https://s.pinimg.com/webapp/vendor-react-68014d4c9d555ba9.mjs:14:6486)
    at tN (https://s.pinimg.com/webapp/vendor-react-68014d4c9d555ba9.mjs:14:4430)
    at https://s.pinimg.com/webapp/vendor-react-68014d4c9d555ba9.mjs:14:12631
    at t5 (https://s.pinimg.com/webapp/vendor-react-68014d4c9d555ba9.mjs:14:13641)
    at tJ (https://s.pinimg.com/webapp/vendor-react-68014d4c9d555ba9.mjs:14:9012)
    at Suspense (<anonymous>) @ https://s.pinimg.com/webapp/www/_client-d64afd47ba8fea89.mjs:382
[   41446ms] [WARNING] [GSI_LOGGER]: Your client application uses one of the Google One Tap prompt UI status methods that may stop functioning when FedCM becomes mandatory. Refer to the migration guide to update your code accordingly and opt-in to FedCM to test your changes. Learn more: https://developers.google.com/identity/gsi/web/guides/fedcm-migration?s=dc#display_moment and https://developers.google.com/identity/gsi/web/guides/fedcm-migration?s=dc#skipped_moment @ https://accounts.google.com/gsi/client?hl=en:86
[   41453ms] [ERROR] Not signed in with the identity provider. @ https://www.pinterest.com/search/pins/?q=lamborghini%20countach%205000%20qv:0
[   41631ms] [ERROR] Failed to load resource: the server responded with a status of 404 () @ https://www.pinterest.com/secure/unauth_user_data/:0
[   45355ms] [ERROR] Unexpected hydration error Minified React error #418; visit https://react.dev/errors/418?args[]=HTML&args[]= for the full message or use the non-minified dev environment for full errors and additional helpful warnings. 
    at Suspense (<anonymous>)
    at A (https://s.pinimg.com/webapp/13729-1f321e30ff21934c.mjs:4:42376)
    at o7 (https://s.pinimg.com/webapp/www/_client-d64afd47ba8fea89.mjs:239:11686)
    at rj (https://s.pinimg.com/webapp/www/_client-d64afd47ba8fea89.mjs:239:18376)
    at rB (https://s.pinimg.com/webapp/www/_client-d64afd47ba8fea89.mjs:239:21885)
    at ps (https://s.pinimg.com/webapp/www/_client-d64afd47ba8fea89.mjs:379:91572)
    at reduxProvider (https://s.pinimg.com/webapp/www/_client-d64afd47ba8fea89.mjs:383:167583)
    at https://s.pinimg.com/webapp/www/_client-d64afd47ba8fea89.mjs:383:149503
    at hy (https://s.pinimg.com/webapp/www/_client-d64afd47ba8fea89.mjs:383:116675)
    at hw (https://s.pinimg.com/webapp/www/_client-d64afd47ba8fea89.mjs:383:116753)
    at ht (https://s.pinimg.com/webapp/www/_client-d64afd47ba8fea89.mjs:383:113163)
    at M (https://s.pinimg.com/webapp/85509-f79cf83731d2c331.mjs:1:65364)
    at o (https://s.pinimg.com/webapp/13729-1f321e30ff21934c.mjs:4:24490)
    at https://s.pinimg.com/webapp/vendor-react-68014d4c9d555ba9.mjs:9:69109
    at s (https://s.pinimg.com/webapp/10232-78253cc3913ef148.mjs:1:86418)
    at _ (https://s.pinimg.com/webapp/13729-1f321e30ff21934c.mjs:4:8265)
    at hn (https://s.pinimg.com/webapp/www/_client-d64afd47ba8fea89.mjs:383:114054)
    at tF (https://s.pinimg.com/webapp/vendor-react-68014d4c9d555ba9.mjs:14:6486)
    at tN (https://s.pinimg.com/webapp/vendor-react-68014d4c9d555ba9.mjs:14:4430)
    at https://s.pinimg.com/webapp/vendor-react-68014d4c9d555ba9.mjs:14:12631
    at t5 (https://s.pinimg.com/webapp/vendor-react-68014d4c9d555ba9.mjs:14:13641)
    at tJ (https://s.pinimg.com/webapp/vendor-react-68014d4c9d555ba9.mjs:14:9012)
    at Suspense (<anonymous>) @ https://s.pinimg.com/webapp/www/_client-d64afd47ba8fea89.mjs:382
[   45413ms] [WARNING] [GSI_LOGGER]: Your client application uses one of the Google One Tap prompt UI status methods that may stop functioning when FedCM becomes mandatory. Refer to the migration guide to update your code accordingly and opt-in to FedCM to test your changes. Learn more: https://developers.google.com/identity/gsi/web/guides/fedcm-migration?s=dc#display_moment and https://developers.google.com/identity/gsi/web/guides/fedcm-migration?s=dc#skipped_moment @ https://accounts.google.com/gsi/client?hl=en:86
[   45420ms] [ERROR] Not signed in with the identity provider. @ https://www.pinterest.com/search/pins/?q=mclaren%20f1%20road%20car:0
[   45596ms] [ERROR] Failed to load resource: the server responded with a status of 404 () @ https://www.pinterest.com/secure/unauth_user_data/:0
[   46347ms] [ERROR] Failed to load resource: net::ERR_FILE_NOT_FOUND @ blob:https://www.pinterest.com/989b4672-14ef-41ec-934c-7c2df8097818:0
[   49114ms] [WARNING] [GSI_LOGGER]: Your client application uses one of the Google One Tap prompt UI status methods that may stop functioning when FedCM becomes mandatory. Refer to the migration guide to update your code accordingly and opt-in to FedCM to test your changes. Learn more: https://developers.google.com/identity/gsi/web/guides/fedcm-migration?s=dc#display_moment and https://developers.google.com/identity/gsi/web/guides/fedcm-migration?s=dc#skipped_moment @ https://accounts.google.com/gsi/client?hl=en:86
[   49119ms] [ERROR] Not signed in with the identity provider. @ https://www.pinterest.com/search/pins/?q=rimac%20nevera:0
[   49266ms] [ERROR] Failed to load resource: the server responded with a status of 404 () @ https://www.pinterest.com/secure/unauth_user_data/:0
[   49999ms] [ERROR] Failed to load resource: net::ERR_FILE_NOT_FOUND @ blob:https://www.pinterest.com/caaac9bb-9ebd-4d95-b795-391b2ee13e9c:0
[   64633ms] [ERROR] [GSI_LOGGER]: FedCM get() rejects with AbortError: signal is aborted without reason @ https://accounts.google.com/gsi/client?hl=en:87
[   67909ms] [WARNING] The resource https://i.pinimg.com/236x/69/70/12/6970122581c9f0e56ab15cdcdc6ea5fc.jpg was preloaded using link preload but not used within a few seconds from the window's load event. Please make sure it has an appropriate `as` value and it is preloaded intentionally. @ https://www.pinterest.com/search/pins/?q=rimac%20nevera:0
[   67909ms] [WARNING] The resource https://i.pinimg.com/236x/d7/59/72/d7597240563bba61892175d2531c9fa1.jpg was preloaded using link preload but not used within a few seconds from the window's load event. Please make sure it has an appropriate `as` value and it is preloaded intentionally. @ https://www.pinterest.com/search/pins/?q=rimac%20nevera:0
[   67909ms] [WARNING] The resource https://i.pinimg.com/236x/bd/d2/b5/bdd2b54de95990dfadd2bfbebcd61aa9.jpg was preloaded using link preload but not used within a few seconds from the window's load event. Please make sure it has an appropriate `as` value and it is preloaded intentionally. @ https://www.pinterest.com/search/pins/?q=rimac%20nevera:0
[   67909ms] [WARNING] The resource https://i.pinimg.com/236x/cd/7a/01/cd7a017e1e2efab3500385b02cc664d4.jpg was preloaded using link preload but not used within a few seconds from the window's load event. Please make sure it has an appropriate `as` value and it is preloaded intentionally. @ https://www.pinterest.com/search/pins/?q=rimac%20nevera:0
[   67909ms] [WARNING] The resource https://i.pinimg.com/236x/f8/d8/ee/f8d8eeaff51c2fd2fbb296fbeac6ca82.jpg was preloaded using link preload but not used within a few seconds from the window's load event. Please make sure it has an appropriate `as` value and it is preloaded intentionally. @ https://www.pinterest.com/search/pins/?q=rimac%20nevera:0
[   67909ms] [WARNING] The resource https://i.pinimg.com/236x/b7/a6/f9/b7a6f90537cdffc60e1dbc2faa29978e.jpg was preloaded using link preload but not used within a few seconds from the window's load event. Please make sure it has an appropriate `as` value and it is preloaded intentionally. @ https://www.pinterest.com/search/pins/?q=rimac%20nevera:0
[   67909ms] [WARNING] The resource https://i.pinimg.com/236x/2c/6a/db/2c6adb407255e21796c46260dd74a19f.jpg was preloaded using link preload but not used within a few seconds from the window's load event. Please make sure it has an appropriate `as` value and it is preloaded intentionally. @ https://www.pinterest.com/search/pins/?q=rimac%20nevera:0
[   67909ms] [WARNING] The resource https://i.pinimg.com/236x/77/e6/54/77e65486bf216843519c79cdcbd40d89.jpg was preloaded using link preload but not used within a few seconds from the window's load event. Please make sure it has an appropriate `as` value and it is preloaded intentionally. @ https://www.pinterest.com/search/pins/?q=rimac%20nevera:0
[   67909ms] [WARNING] The resource https://i.pinimg.com/236x/1d/c4/b1/1dc4b13cb17d0591b930668a1e090956.jpg was preloaded using link preload but not used within a few seconds from the window's load event. Please make sure it has an appropriate `as` value and it is preloaded intentionally. @ https://www.pinterest.com/search/pins/?q=rimac%20nevera:0
[   72880ms] [WARNING] The resource https://i.pinimg.com/236x/69/70/12/6970122581c9f0e56ab15cdcdc6ea5fc.jpg was preloaded using link preload but not used within a few seconds from the window's load event. Please make sure it has an appropriate `as` value and it is preloaded intentionally. @ https://www.pinterest.com/search/pins/?q=rimac%20nevera:0
[   72880ms] [WARNING] The resource https://i.pinimg.com/236x/d7/59/72/d7597240563bba61892175d2531c9fa1.jpg was preloaded using link preload but not used within a few seconds from the window's load event. Please make sure it has an appropriate `as` value and it is preloaded intentionally. @ https://www.pinterest.com/search/pins/?q=rimac%20nevera:0
[   72880ms] [WARNING] The resource https://i.pinimg.com/236x/bd/d2/b5/bdd2b54de95990dfadd2bfbebcd61aa9.jpg was preloaded using link preload but not used within a few seconds from the window's load event. Please make sure it has an appropriate `as` value and it is preloaded intentionally. @ https://www.pinterest.com/search/pins/?q=rimac%20nevera:0
[   72880ms] [WARNING] The resource https://i.pinimg.com/236x/cd/7a/01/cd7a017e1e2efab3500385b02cc664d4.jpg was preloaded using link preload but not used within a few seconds from the window's load event. Please make sure it has an appropriate `as` value and it is preloaded intentionally. @ https://www.pinterest.com/search/pins/?q=rimac%20nevera:0
[   72880ms] [WARNING] The resource https://i.pinimg.com/236x/f8/d8/ee/f8d8eeaff51c2fd2fbb296fbeac6ca82.jpg was preloaded using link preload but not used within a few seconds from the window's load event. Please make sure it has an appropriate `as` value and it is preloaded intentionally. @ https://www.pinterest.com/search/pins/?q=rimac%20nevera:0
[   72880ms] [WARNING] The resource https://i.pinimg.com/236x/b7/a6/f9/b7a6f90537cdffc60e1dbc2faa29978e.jpg was preloaded using link preload but not used within a few seconds from the window's load event. Please make sure it has an appropriate `as` value and it is preloaded intentionally. @ https://www.pinterest.com/search/pins/?q=rimac%20nevera:0
[   72880ms] [WARNING] The resource https://i.pinimg.com/236x/2c/6a/db/2c6adb407255e21796c46260dd74a19f.jpg was preloaded using link preload but not used within a few seconds from the window's load event. Please make sure it has an appropriate `as` value and it is preloaded intentionally. @ https://www.pinterest.com/search/pins/?q=rimac%20nevera:0
[   72880ms] [WARNING] The resource https://i.pinimg.com/236x/77/e6/54/77e65486bf216843519c79cdcbd40d89.jpg was preloaded using link preload but not used within a few seconds from the window's load event. Please make sure it has an appropriate `as` value and it is preloaded intentionally. @ https://www.pinterest.com/search/pins/?q=rimac%20nevera:0
[   72880ms] [WARNING] The resource https://i.pinimg.com/236x/1d/c4/b1/1dc4b13cb17d0591b930668a1e090956.jpg was preloaded using link preload but not used within a few seconds from the window's load event. Please make sure it has an appropriate `as` value and it is preloaded intentionally. @ https://www.pinterest.com/search/pins/?q=rimac%20nevera:0
[   77723ms] [WARNING] The resource https://i.pinimg.com/236x/69/70/12/6970122581c9f0e56ab15cdcdc6ea5fc.jpg was preloaded using link preload but not used within a few seconds from the window's load event. Please make sure it has an appropriate `as` value and it is preloaded intentionally. @ https://www.pinterest.com/search/pins/?q=rimac%20nevera:0
[   77723ms] [WARNING] The resource https://i.pinimg.com/236x/d7/59/72/d7597240563bba61892175d2531c9fa1.jpg was preloaded using link preload but not used within a few seconds from the window's load event. Please make sure it has an appropriate `as` value and it is preloaded intentionally. @ https://www.pinterest.com/search/pins/?q=rimac%20nevera:0
[   77723ms] [WARNING] The resource https://i.pinimg.com/236x/bd/d2/b5/bdd2b54de95990dfadd2bfbebcd61aa9.jpg was preloaded using link preload but not used within a few seconds from the window's load event. Please make sure it has an appropriate `as` value and it is preloaded intentionally. @ https://www.pinterest.com/search/pins/?q=rimac%20nevera:0
[   77723ms] [WARNING] The resource https://i.pinimg.com/236x/cd/7a/01/cd7a017e1e2efab3500385b02cc664d4.jpg was preloaded using link preload but not used within a few seconds from the window's load event. Please make sure it has an appropriate `as` value and it is preloaded intentionally. @ https://www.pinterest.com/search/pins/?q=rimac%20nevera:0
[   77724ms] [WARNING] The resource https://i.pinimg.com/236x/f8/d8/ee/f8d8eeaff51c2fd2fbb296fbeac6ca82.jpg was preloaded using link preload but not used within a few seconds from the window's load event. Please make sure it has an appropriate `as` value and it is preloaded intentionally. @ https://www.pinterest.com/search/pins/?q=rimac%20nevera:0
[   77724ms] [WARNING] The resource https://i.pinimg.com/236x/b7/a6/f9/b7a6f90537cdffc60e1dbc2faa29978e.jpg was preloaded using link preload but not used within a few seconds from the window's load event. Please make sure it has an appropriate `as` value and it is preloaded intentionally. @ https://www.pinterest.com/search/pins/?q=rimac%20nevera:0
[   77724ms] [WARNING] The resource https://i.pinimg.com/236x/2c/6a/db/2c6adb407255e21796c46260dd74a19f.jpg was preloaded using link preload but not used within a few seconds from the window's load event. Please make sure it has an appropriate `as` value and it is preloaded intentionally. @ https://www.pinterest.com/search/pins/?q=rimac%20nevera:0
[   77724ms] [WARNING] The resource https://i.pinimg.com/236x/77/e6/54/77e65486bf216843519c79cdcbd40d89.jpg was preloaded using link preload but not used within a few seconds from the window's load event. Please make sure it has an appropriate `as` value and it is preloaded intentionally. @ https://www.pinterest.com/search/pins/?q=rimac%20nevera:0
[   77724ms] [WARNING] The resource https://i.pinimg.com/236x/1d/c4/b1/1dc4b13cb17d0591b930668a1e090956.jpg was preloaded using link preload but not used within a few seconds from the window's load event. Please make sure it has an appropriate `as` value and it is preloaded intentionally. @ https://www.pinterest.com/search/pins/?q=rimac%20nevera:0
[   87797ms] [WARNING] The resource https://i.pinimg.com/236x/69/70/12/6970122581c9f0e56ab15cdcdc6ea5fc.jpg was preloaded using link preload but not used within a few seconds from the window's load event. Please make sure it has an appropriate `as` value and it is preloaded intentionally. @ https://www.pinterest.com/search/pins/?q=rimac%20nevera:0
[   87797ms] [WARNING] The resource https://i.pinimg.com/236x/d7/59/72/d7597240563bba61892175d2531c9fa1.jpg was preloaded using link preload but not used within a few seconds from the window's load event. Please make sure it has an appropriate `as` value and it is preloaded intentionally. @ https://www.pinterest.com/search/pins/?q=rimac%20nevera:0
[   87797ms] [WARNING] The resource https://i.pinimg.com/236x/bd/d2/b5/bdd2b54de95990dfadd2bfbebcd61aa9.jpg was preloaded using link preload but not used within a few seconds from the window's load event. Please make sure it has an appropriate `as` value and it is preloaded intentionally. @ https://www.pinterest.com/search/pins/?q=rimac%20nevera:0
[   87797ms] [WARNING] The resource https://i.pinimg.com/236x/cd/7a/01/cd7a017e1e2efab3500385b02cc664d4.jpg was preloaded using link preload but not used within a few seconds from the window's load event. Please make sure it has an appropriate `as` value and it is preloaded intentionally. @ https://www.pinterest.com/search/pins/?q=rimac%20nevera:0
[   87797ms] [WARNING] The resource https://i.pinimg.com/236x/f8/d8/ee/f8d8eeaff51c2fd2fbb296fbeac6ca82.jpg was preloaded using link preload but not used within a few seconds from the window's load event. Please make sure it has an appropriate `as` value and it is preloaded intentionally. @ https://www.pinterest.com/search/pins/?q=rimac%20nevera:0
[   87797ms] [WARNING] The resource https://i.pinimg.com/236x/b7/a6/f9/b7a6f90537cdffc60e1dbc2faa29978e.jpg was preloaded using link preload but not used within a few seconds from the window's load event. Please make sure it has an appropriate `as` value and it is preloaded intentionally. @ https://www.pinterest.com/search/pins/?q=rimac%20nevera:0
[   87797ms] [WARNING] The resource https://i.pinimg.com/236x/2c/6a/db/2c6adb407255e21796c46260dd74a19f.jpg was preloaded using link preload but not used within a few seconds from the window's load event. Please make sure it has an appropriate `as` value and it is preloaded intentionally. @ https://www.pinterest.com/search/pins/?q=rimac%20nevera:0
[   87797ms] [WARNING] The resource https://i.pinimg.com/236x/77/e6/54/77e65486bf216843519c79cdcbd40d89.jpg was preloaded using link preload but not used within a few seconds from the window's load event. Please make sure it has an appropriate `as` value and it is preloaded intentionally. @ https://www.pinterest.com/search/pins/?q=rimac%20nevera:0
[   87797ms] [WARNING] The resource https://i.pinimg.com/236x/1d/c4/b1/1dc4b13cb17d0591b930668a1e090956.jpg was preloaded using link preload but not used within a few seconds from the window's load event. Please make sure it has an appropriate `as` value and it is preloaded intentionally. @ https://www.pinterest.com/search/pins/?q=rimac%20nevera:0
[   92502ms] [WARNING] The resource https://i.pinimg.com/236x/69/70/12/6970122581c9f0e56ab15cdcdc6ea5fc.jpg was preloaded using link preload but not used within a few seconds from the window's load event. Please make sure it has an appropriate `as` value and it is preloaded intentionally. @ https://www.pinterest.com/search/pins/?q=rimac%20nevera:0
[   92502ms] [WARNING] The resource https://i.pinimg.com/236x/d7/59/72/d7597240563bba61892175d2531c9fa1.jpg was preloaded using link preload but not used within a few seconds from the window's load event. Please make sure it has an appropriate `as` value and it is preloaded intentionally. @ https://www.pinterest.com/search/pins/?q=rimac%20nevera:0
[   92502ms] [WARNING] The resource https://i.pinimg.com/236x/bd/d2/b5/bdd2b54de95990dfadd2bfbebcd61aa9.jpg was preloaded using link preload but not used within a few seconds from the window's load event. Please make sure it has an appropriate `as` value and it is preloaded intentionally. @ https://www.pinterest.com/search/pins/?q=rimac%20nevera:0
[   92502ms] [WARNING] The resource https://i.pinimg.com/236x/cd/7a/01/cd7a017e1e2efab3500385b02cc664d4.jpg was preloaded using link preload but not used within a few seconds from the window's load event. Please make sure it has an appropriate `as` value and it is preloaded intentionally. @ https://www.pinterest.com/search/pins/?q=rimac%20nevera:0
[   92502ms] [WARNING] The resource https://i.pinimg.com/236x/f8/d8/ee/f8d8eeaff51c2fd2fbb296fbeac6ca82.jpg was preloaded using link preload but not used within a few seconds from the window's load event. Please make sure it has an appropriate `as` value and it is preloaded intentionally. @ https://www.pinterest.com/search/pins/?q=rimac%20nevera:0
[   92502ms] [WARNING] The resource https://i.pinimg.com/236x/b7/a6/f9/b7a6f90537cdffc60e1dbc2faa29978e.jpg was preloaded using link preload but not used within a few seconds from the window's load event. Please make sure it has an appropriate `as` value and it is preloaded intentionally. @ https://www.pinterest.com/search/pins/?q=rimac%20nevera:0
[   92502ms] [WARNING] The resource https://i.pinimg.com/236x/2c/6a/db/2c6adb407255e21796c46260dd74a19f.jpg was preloaded using link preload but not used within a few seconds from the window's load event. Please make sure it has an appropriate `as` value and it is preloaded intentionally. @ https://www.pinterest.com/search/pins/?q=rimac%20nevera:0
[   92502ms] [WARNING] The resource https://i.pinimg.com/236x/77/e6/54/77e65486bf216843519c79cdcbd40d89.jpg was preloaded using link preload but not used within a few seconds from the window's load event. Please make sure it has an appropriate `as` value and it is preloaded intentionally. @ https://www.pinterest.com/search/pins/?q=rimac%20nevera:0
[   92502ms] [WARNING] The resource https://i.pinimg.com/236x/1d/c4/b1/1dc4b13cb17d0591b930668a1e090956.jpg was preloaded using link preload but not used within a few seconds from the window's load event. Please make sure it has an appropriate `as` value and it is preloaded intentionally. @ https://www.pinterest.com/search/pins/?q=rimac%20nevera:0
[  107624ms] [WARNING] The resource https://i.pinimg.com/236x/69/70/12/6970122581c9f0e56ab15cdcdc6ea5fc.jpg was preloaded using link preload but not used within a few seconds from the window's load event. Please make sure it has an appropriate `as` value and it is preloaded intentionally. @ https://www.pinterest.com/search/pins/?q=rimac%20nevera:0
[  107624ms] [WARNING] The resource https://i.pinimg.com/236x/d7/59/72/d7597240563bba61892175d2531c9fa1.jpg was preloaded using link preload but not used within a few seconds from the window's load event. Please make sure it has an appropriate `as` value and it is preloaded intentionally. @ https://www.pinterest.com/search/pins/?q=rimac%20nevera:0
[  107624ms] [WARNING] The resource https://i.pinimg.com/236x/bd/d2/b5/bdd2b54de95990dfadd2bfbebcd61aa9.jpg was preloaded using link preload but not used within a few seconds from the window's load event. Please make sure it has an appropriate `as` value and it is preloaded intentionally. @ https://www.pinterest.com/search/pins/?q=rimac%20nevera:0
[  107624ms] [WARNING] The resource https://i.pinimg.com/236x/cd/7a/01/cd7a017e1e2efab3500385b02cc664d4.jpg was preloaded using link preload but not used within a few seconds from the window's load event. Please make sure it has an appropriate `as` value and it is preloaded intentionally. @ https://www.pinterest.com/search/pins/?q=rimac%20nevera:0
[  107624ms] [WARNING] The resource https://i.pinimg.com/236x/f8/d8/ee/f8d8eeaff51c2fd2fbb296fbeac6ca82.jpg was preloaded using link preload but not used within a few seconds from the window's load event. Please make sure it has an appropriate `as` value and it is preloaded intentionally. @ https://www.pinterest.com/search/pins/?q=rimac%20nevera:0
[  107624ms] [WARNING] The resource https://i.pinimg.com/236x/b7/a6/f9/b7a6f90537cdffc60e1dbc2faa29978e.jpg was preloaded using link preload but not used within a few seconds from the window's load event. Please make sure it has an appropriate `as` value and it is preloaded intentionally. @ https://www.pinterest.com/search/pins/?q=rimac%20nevera:0
[  107624ms] [WARNING] The resource https://i.pinimg.com/236x/2c/6a/db/2c6adb407255e21796c46260dd74a19f.jpg was preloaded using link preload but not used within a few seconds from the window's load event. Please make sure it has an appropriate `as` value and it is preloaded intentionally. @ https://www.pinterest.com/search/pins/?q=rimac%20nevera:0
[  107624ms] [WARNING] The resource https://i.pinimg.com/236x/77/e6/54/77e65486bf216843519c79cdcbd40d89.jpg was preloaded using link preload but not used within a few seconds from the window's load event. Please make sure it has an appropriate `as` value and it is preloaded intentionally. @ https://www.pinterest.com/search/pins/?q=rimac%20nevera:0
[  107624ms] [WARNING] The resource https://i.pinimg.com/236x/1d/c4/b1/1dc4b13cb17d0591b930668a1e090956.jpg was preloaded using link preload but not used within a few seconds from the window's load event. Please make sure it has an appropriate `as` value and it is preloaded intentionally. @ https://www.pinterest.com/search/pins/?q=rimac%20nevera:0
[  122756ms] [WARNING] The resource https://i.pinimg.com/236x/69/70/12/6970122581c9f0e56ab15cdcdc6ea5fc.jpg was preloaded using link preload but not used within a few seconds from the window's load event. Please make sure it has an appropriate `as` value and it is preloaded intentionally. @ https://www.pinterest.com/search/pins/?q=rimac%20nevera:0
[  122756ms] [WARNING] The resource https://i.pinimg.com/236x/d7/59/72/d7597240563bba61892175d2531c9fa1.jpg was preloaded using link preload but not used within a few seconds from the window's load event. Please make sure it has an appropriate `as` value and it is preloaded intentionally. @ https://www.pinterest.com/search/pins/?q=rimac%20nevera:0
[  122756ms] [WARNING] The resource https://i.pinimg.com/236x/bd/d2/b5/bdd2b54de95990dfadd2bfbebcd61aa9.jpg was preloaded using link preload but not used within a few seconds from the window's load event. Please make sure it has an appropriate `as` value and it is preloaded intentionally. @ https://www.pinterest.com/search/pins/?q=rimac%20nevera:0
[  122757ms] [WARNING] The resource https://i.pinimg.com/236x/cd/7a/01/cd7a017e1e2efab3500385b02cc664d4.jpg was preloaded using link preload but not used within a few seconds from the window's load event. Please make sure it has an appropriate `as` value and it is preloaded intentionally. @ https://www.pinterest.com/search/pins/?q=rimac%20nevera:0
[  122757ms] [WARNING] The resource https://i.pinimg.com/236x/f8/d8/ee/f8d8eeaff51c2fd2fbb296fbeac6ca82.jpg was preloaded using link preload but not used within a few seconds from the window's load event. Please make sure it has an appropriate `as` value and it is preloaded intentionally. @ https://www.pinterest.com/search/pins/?q=rimac%20nevera:0
[  122757ms] [WARNING] The resource https://i.pinimg.com/236x/b7/a6/f9/b7a6f90537cdffc60e1dbc2faa29978e.jpg was preloaded using link preload but not used within a few seconds from the window's load event. Please make sure it has an appropriate `as` value and it is preloaded intentionally. @ https://www.pinterest.com/search/pins/?q=rimac%20nevera:0
[  122757ms] [WARNING] The resource https://i.pinimg.com/236x/2c/6a/db/2c6adb407255e21796c46260dd74a19f.jpg was preloaded using link preload but not used within a few seconds from the window's load event. Please make sure it has an appropriate `as` value and it is preloaded intentionally. @ https://www.pinterest.com/search/pins/?q=rimac%20nevera:0
[  122757ms] [WARNING] The resource https://i.pinimg.com/236x/77/e6/54/77e65486bf216843519c79cdcbd40d89.jpg was preloaded using link preload but not used within a few seconds from the window's load event. Please make sure it has an appropriate `as` value and it is preloaded intentionally. @ https://www.pinterest.com/search/pins/?q=rimac%20nevera:0
[  122757ms] [WARNING] The resource https://i.pinimg.com/236x/1d/c4/b1/1dc4b13cb17d0591b930668a1e090956.jpg was preloaded using link preload but not used within a few seconds from the window's load event. Please make sure it has an appropriate `as` value and it is preloaded intentionally. @ https://www.pinterest.com/search/pins/?q=rimac%20nevera:0
[  137913ms] [WARNING] The resource https://i.pinimg.com/236x/69/70/12/6970122581c9f0e56ab15cdcdc6ea5fc.jpg was preloaded using link preload but not used within a few seconds from the window's load event. Please make sure it has an appropriate `as` value and it is preloaded intentionally. @ https://www.pinterest.com/search/pins/?q=rimac%20nevera:0
[  137913ms] [WARNING] The resource https://i.pinimg.com/236x/d7/59/72/d7597240563bba61892175d2531c9fa1.jpg was preloaded using link preload but not used within a few seconds from the window's load event. Please make sure it has an appropriate `as` value and it is preloaded intentionally. @ https://www.pinterest.com/search/pins/?q=rimac%20nevera:0
[  137913ms] [WARNING] The resource https://i.pinimg.com/236x/bd/d2/b5/bdd2b54de95990dfadd2bfbebcd61aa9.jpg was preloaded using link preload but not used within a few seconds from the window's load event. Please make sure it has an appropriate `as` value and it is preloaded intentionally. @ https://www.pinterest.com/search/pins/?q=rimac%20nevera:0
[  137913ms] [WARNING] The resource https://i.pinimg.com/236x/cd/7a/01/cd7a017e1e2efab3500385b02cc664d4.jpg was preloaded using link preload but not used within a few seconds from the window's load event. Please make sure it has an appropriate `as` value and it is preloaded intentionally. @ https://www.pinterest.com/search/pins/?q=rimac%20nevera:0
[  137913ms] [WARNING] The resource https://i.pinimg.com/236x/f8/d8/ee/f8d8eeaff51c2fd2fbb296fbeac6ca82.jpg was preloaded using link preload but not used within a few seconds from the window's load event. Please make sure it has an appropriate `as` value and it is preloaded intentionally. @ https://www.pinterest.com/search/pins/?q=rimac%20nevera:0
[  137913ms] [WARNING] The resource https://i.pinimg.com/236x/b7/a6/f9/b7a6f90537cdffc60e1dbc2faa29978e.jpg was preloaded using link preload but not used within a few seconds from the window's load event. Please make sure it has an appropriate `as` value and it is preloaded intentionally. @ https://www.pinterest.com/search/pins/?q=rimac%20nevera:0
[  137913ms] [WARNING] The resource https://i.pinimg.com/236x/2c/6a/db/2c6adb407255e21796c46260dd74a19f.jpg was preloaded using link preload but not used within a few seconds from the window's load event. Please make sure it has an appropriate `as` value and it is preloaded intentionally. @ https://www.pinterest.com/search/pins/?q=rimac%20nevera:0
[  137913ms] [WARNING] The resource https://i.pinimg.com/236x/77/e6/54/77e65486bf216843519c79cdcbd40d89.jpg was preloaded using link preload but not used within a few seconds from the window's load event. Please make sure it has an appropriate `as` value and it is preloaded intentionally. @ https://www.pinterest.com/search/pins/?q=rimac%20nevera:0
[  137913ms] [WARNING] The resource https://i.pinimg.com/236x/1d/c4/b1/1dc4b13cb17d0591b930668a1e090956.jpg was preloaded using link preload but not used within a few seconds from the window's load event. Please make sure it has an appropriate `as` value and it is preloaded intentionally. @ https://www.pinterest.com/search/pins/?q=rimac%20nevera:0
[  138206ms] [ERROR] [GSI_LOGGER]: FedCM get() rejects with NetworkError: Error retrieving a token. @ https://accounts.google.com/gsi/client?hl=en:87
[  138206ms] [ERROR] Prompt dismissed. API exponential cool down not triggered. @ https://www.pinterest.com/search/pins/?q=rimac%20nevera:0
[  148179ms] [WARNING] The resource https://i.pinimg.com/236x/69/70/12/6970122581c9f0e56ab15cdcdc6ea5fc.jpg was preloaded using link preload but not used within a few seconds from the window's load event. Please make sure it has an appropriate `as` value and it is preloaded intentionally. @ https://www.pinterest.com/search/pins/?q=rimac%20nevera:0
[  148179ms] [WARNING] The resource https://i.pinimg.com/236x/d7/59/72/d7597240563bba61892175d2531c9fa1.jpg was preloaded using link preload but not used within a few seconds from the window's load event. Please make sure it has an appropriate `as` value and it is preloaded intentionally. @ https://www.pinterest.com/search/pins/?q=rimac%20nevera:0
[  148179ms] [WARNING] The resource https://i.pinimg.com/236x/bd/d2/b5/bdd2b54de95990dfadd2bfbebcd61aa9.jpg was preloaded using link preload but not used within a few seconds from the window's load event. Please make sure it has an appropriate `as` value and it is preloaded intentionally. @ https://www.pinterest.com/search/pins/?q=rimac%20nevera:0
[  148179ms] [WARNING] The resource https://i.pinimg.com/236x/cd/7a/01/cd7a017e1e2efab3500385b02cc664d4.jpg was preloaded using link preload but not used within a few seconds from the window's load event. Please make sure it has an appropriate `as` value and it is preloaded intentionally. @ https://www.pinterest.com/search/pins/?q=rimac%20nevera:0
[  148179ms] [WARNING] The resource https://i.pinimg.com/236x/f8/d8/ee/f8d8eeaff51c2fd2fbb296fbeac6ca82.jpg was preloaded using link preload but not used within a few seconds from the window's load event. Please make sure it has an appropriate `as` value and it is preloaded intentionally. @ https://www.pinterest.com/search/pins/?q=rimac%20nevera:0
[  148179ms] [WARNING] The resource https://i.pinimg.com/236x/b7/a6/f9/b7a6f90537cdffc60e1dbc2faa29978e.jpg was preloaded using link preload but not used within a few seconds from the window's load event. Please make sure it has an appropriate `as` value and it is preloaded intentionally. @ https://www.pinterest.com/search/pins/?q=rimac%20nevera:0
[  148179ms] [WARNING] The resource https://i.pinimg.com/236x/2c/6a/db/2c6adb407255e21796c46260dd74a19f.jpg was preloaded using link preload but not used within a few seconds from the window's load event. Please make sure it has an appropriate `as` value and it is preloaded intentionally. @ https://www.pinterest.com/search/pins/?q=rimac%20nevera:0
[  148179ms] [WARNING] The resource https://i.pinimg.com/236x/77/e6/54/77e65486bf216843519c79cdcbd40d89.jpg was preloaded using link preload but not used within a few seconds from the window's load event. Please make sure it has an appropriate `as` value and it is preloaded intentionally. @ https://www.pinterest.com/search/pins/?q=rimac%20nevera:0
[  148179ms] [WARNING] The resource https://i.pinimg.com/236x/1d/c4/b1/1dc4b13cb17d0591b930668a1e090956.jpg was preloaded using link preload but not used within a few seconds from the window's load event. Please make sure it has an appropriate `as` value and it is preloaded intentionally. @ https://www.pinterest.com/search/pins/?q=rimac%20nevera:0
[  153165ms] [WARNING] The resource https://i.pinimg.com/236x/69/70/12/6970122581c9f0e56ab15cdcdc6ea5fc.jpg was preloaded using link preload but not used within a few seconds from the window's load event. Please make sure it has an appropriate `as` value and it is preloaded intentionally. @ https://www.pinterest.com/search/pins/?q=rimac%20nevera:0
[  153165ms] [WARNING] The resource https://i.pinimg.com/236x/d7/59/72/d7597240563bba61892175d2531c9fa1.jpg was preloaded using link preload but not used within a few seconds from the window's load event. Please make sure it has an appropriate `as` value and it is preloaded intentionally. @ https://www.pinterest.com/search/pins/?q=rimac%20nevera:0
[  153165ms] [WARNING] The resource https://i.pinimg.com/236x/bd/d2/b5/bdd2b54de95990dfadd2bfbebcd61aa9.jpg was preloaded using link preload but not used within a few seconds from the window's load event. Please make sure it has an appropriate `as` value and it is preloaded intentionally. @ https://www.pinterest.com/search/pins/?q=rimac%20nevera:0
[  153165ms] [WARNING] The resource https://i.pinimg.com/236x/cd/7a/01/cd7a017e1e2efab3500385b02cc664d4.jpg was preloaded using link preload but not used within a few seconds from the window's load event. Please make sure it has an appropriate `as` value and it is preloaded intentionally. @ https://www.pinterest.com/search/pins/?q=rimac%20nevera:0
[  153166ms] [WARNING] The resource https://i.pinimg.com/236x/f8/d8/ee/f8d8eeaff51c2fd2fbb296fbeac6ca82.jpg was preloaded using link preload but not used within a few seconds from the window's load event. Please make sure it has an appropriate `as` value and it is preloaded intentionally. @ https://www.pinterest.com/search/pins/?q=rimac%20nevera:0
[  153166ms] [WARNING] The resource https://i.pinimg.com/236x/b7/a6/f9/b7a6f90537cdffc60e1dbc2faa29978e.jpg was preloaded using link preload but not used within a few seconds from the window's load event. Please make sure it has an appropriate `as` value and it is preloaded intentionally. @ https://www.pinterest.com/search/pins/?q=rimac%20nevera:0
[  153166ms] [WARNING] The resource https://i.pinimg.com/236x/2c/6a/db/2c6adb407255e21796c46260dd74a19f.jpg was preloaded using link preload but not used within a few seconds from the window's load event. Please make sure it has an appropriate `as` value and it is preloaded intentionally. @ https://www.pinterest.com/search/pins/?q=rimac%20nevera:0
[  153166ms] [WARNING] The resource https://i.pinimg.com/236x/77/e6/54/77e65486bf216843519c79cdcbd40d89.jpg was preloaded using link preload but not used within a few seconds from the window's load event. Please make sure it has an appropriate `as` value and it is preloaded intentionally. @ https://www.pinterest.com/search/pins/?q=rimac%20nevera:0
[  153166ms] [WARNING] The resource https://i.pinimg.com/236x/1d/c4/b1/1dc4b13cb17d0591b930668a1e090956.jpg was preloaded using link preload but not used within a few seconds from the window's load event. Please make sure it has an appropriate `as` value and it is preloaded intentionally. @ https://www.pinterest.com/search/pins/?q=rimac%20nevera:0
[  168163ms] [WARNING] The resource https://i.pinimg.com/236x/69/70/12/6970122581c9f0e56ab15cdcdc6ea5fc.jpg was preloaded using link preload but not used within a few seconds from the window's load event. Please make sure it has an appropriate `as` value and it is preloaded intentionally. @ https://www.pinterest.com/search/pins/?q=rimac%20nevera:0
[  168163ms] [WARNING] The resource https://i.pinimg.com/236x/d7/59/72/d7597240563bba61892175d2531c9fa1.jpg was preloaded using link preload but not used within a few seconds from the window's load event. Please make sure it has an appropriate `as` value and it is preloaded intentionally. @ https://www.pinterest.com/search/pins/?q=rimac%20nevera:0
[  168163ms] [WARNING] The resource https://i.pinimg.com/236x/bd/d2/b5/bdd2b54de95990dfadd2bfbebcd61aa9.jpg was preloaded using link preload but not used within a few seconds from the window's load event. Please make sure it has an appropriate `as` value and it is preloaded intentionally. @ https://www.pinterest.com/search/pins/?q=rimac%20nevera:0
[  168163ms] [WARNING] The resource https://i.pinimg.com/236x/cd/7a/01/cd7a017e1e2efab3500385b02cc664d4.jpg was preloaded using link preload but not used within a few seconds from the window's load event. Please make sure it has an appropriate `as` value and it is preloaded intentionally. @ https://www.pinterest.com/search/pins/?q=rimac%20nevera:0
[  168163ms] [WARNING] The resource https://i.pinimg.com/236x/f8/d8/ee/f8d8eeaff51c2fd2fbb296fbeac6ca82.jpg was preloaded using link preload but not used within a few seconds from the window's load event. Please make sure it has an appropriate `as` value and it is preloaded intentionally. @ https://www.pinterest.com/search/pins/?q=rimac%20nevera:0
[  168163ms] [WARNING] The resource https://i.pinimg.com/236x/b7/a6/f9/b7a6f90537cdffc60e1dbc2faa29978e.jpg was preloaded using link preload but not used within a few seconds from the window's load event. Please make sure it has an appropriate `as` value and it is preloaded intentionally. @ https://www.pinterest.com/search/pins/?q=rimac%20nevera:0
[  168163ms] [WARNING] The resource https://i.pinimg.com/236x/2c/6a/db/2c6adb407255e21796c46260dd74a19f.jpg was preloaded using link preload but not used within a few seconds from the window's load event. Please make sure it has an appropriate `as` value and it is preloaded intentionally. @ https://www.pinterest.com/search/pins/?q=rimac%20nevera:0
[  168163ms] [WARNING] The resource https://i.pinimg.com/236x/77/e6/54/77e65486bf216843519c79cdcbd40d89.jpg was preloaded using link preload but not used within a few seconds from the window's load event. Please make sure it has an appropriate `as` value and it is preloaded intentionally. @ https://www.pinterest.com/search/pins/?q=rimac%20nevera:0
[  168163ms] [WARNING] The resource https://i.pinimg.com/236x/1d/c4/b1/1dc4b13cb17d0591b930668a1e090956.jpg was preloaded using link preload but not used within a few seconds from the window's load event. Please make sure it has an appropriate `as` value and it is preloaded intentionally. @ https://www.pinterest.com/search/pins/?q=rimac%20nevera:0
[  178448ms] [WARNING] The resource https://i.pinimg.com/236x/69/70/12/6970122581c9f0e56ab15cdcdc6ea5fc.jpg was preloaded using link preload but not used within a few seconds from the window's load event. Please make sure it has an appropriate `as` value and it is preloaded intentionally. @ https://www.pinterest.com/search/pins/?q=rimac%20nevera:0
[  178448ms] [WARNING] The resource https://i.pinimg.com/236x/d7/59/72/d7597240563bba61892175d2531c9fa1.jpg was preloaded using link preload but not used within a few seconds from the window's load event. Please make sure it has an appropriate `as` value and it is preloaded intentionally. @ https://www.pinterest.com/search/pins/?q=rimac%20nevera:0
[  178448ms] [WARNING] The resource https://i.pinimg.com/236x/bd/d2/b5/bdd2b54de95990dfadd2bfbebcd61aa9.jpg was preloaded using link preload but not used within a few seconds from the window's load event. Please make sure it has an appropriate `as` value and it is preloaded intentionally. @ https://www.pinterest.com/search/pins/?q=rimac%20nevera:0
[  178448ms] [WARNING] The resource https://i.pinimg.com/236x/cd/7a/01/cd7a017e1e2efab3500385b02cc664d4.jpg was preloaded using link preload but not used within a few seconds from the window's load event. Please make sure it has an appropriate `as` value and it is preloaded intentionally. @ https://www.pinterest.com/search/pins/?q=rimac%20nevera:0
[  178448ms] [WARNING] The resource https://i.pinimg.com/236x/f8/d8/ee/f8d8eeaff51c2fd2fbb296fbeac6ca82.jpg was preloaded using link preload but not used within a few seconds from the window's load event. Please make sure it has an appropriate `as` value and it is preloaded intentionally. @ https://www.pinterest.com/search/pins/?q=rimac%20nevera:0
[  178448ms] [WARNING] The resource https://i.pinimg.com/236x/b7/a6/f9/b7a6f90537cdffc60e1dbc2faa29978e.jpg was preloaded using link preload but not used within a few seconds from the window's load event. Please make sure it has an appropriate `as` value and it is preloaded intentionally. @ https://www.pinterest.com/search/pins/?q=rimac%20nevera:0
[  178448ms] [WARNING] The resource https://i.pinimg.com/236x/2c/6a/db/2c6adb407255e21796c46260dd74a19f.jpg was preloaded using link preload but not used within a few seconds from the window's load event. Please make sure it has an appropriate `as` value and it is preloaded intentionally. @ https://www.pinterest.com/search/pins/?q=rimac%20nevera:0
[  178448ms] [WARNING] The resource https://i.pinimg.com/236x/77/e6/54/77e65486bf216843519c79cdcbd40d89.jpg was preloaded using link preload but not used within a few seconds from the window's load event. Please make sure it has an appropriate `as` value and it is preloaded intentionally. @ https://www.pinterest.com/search/pins/?q=rimac%20nevera:0
[  178448ms] [WARNING] The resource https://i.pinimg.com/236x/1d/c4/b1/1dc4b13cb17d0591b930668a1e090956.jpg was preloaded using link preload but not used within a few seconds from the window's load event. Please make sure it has an appropriate `as` value and it is preloaded intentionally. @ https://www.pinterest.com/search/pins/?q=rimac%20nevera:0
[  183292ms] [WARNING] The resource https://i.pinimg.com/236x/69/70/12/6970122581c9f0e56ab15cdcdc6ea5fc.jpg was preloaded using link preload but not used within a few seconds from the window's load event. Please make sure it has an appropriate `as` value and it is preloaded intentionally. @ https://www.pinterest.com/search/pins/?q=rimac%20nevera:0
[  183293ms] [WARNING] The resource https://i.pinimg.com/236x/d7/59/72/d7597240563bba61892175d2531c9fa1.jpg was preloaded using link preload but not used within a few seconds from the window's load event. Please make sure it has an appropriate `as` value and it is preloaded intentionally. @ https://www.pinterest.com/search/pins/?q=rimac%20nevera:0
[  183293ms] [WARNING] The resource https://i.pinimg.com/236x/bd/d2/b5/bdd2b54de95990dfadd2bfbebcd61aa9.jpg was preloaded using link preload but not used within a few seconds from the window's load event. Please make sure it has an appropriate `as` value and it is preloaded intentionally. @ https://www.pinterest.com/search/pins/?q=rimac%20nevera:0
[  183293ms] [WARNING] The resource https://i.pinimg.com/236x/cd/7a/01/cd7a017e1e2efab3500385b02cc664d4.jpg was preloaded using link preload but not used within a few seconds from the window's load event. Please make sure it has an appropriate `as` value and it is preloaded intentionally. @ https://www.pinterest.com/search/pins/?q=rimac%20nevera:0
[  183293ms] [WARNING] The resource https://i.pinimg.com/236x/f8/d8/ee/f8d8eeaff51c2fd2fbb296fbeac6ca82.jpg was preloaded using link preload but not used within a few seconds from the window's load event. Please make sure it has an appropriate `as` value and it is preloaded intentionally. @ https://www.pinterest.com/search/pins/?q=rimac%20nevera:0
[  183293ms] [WARNING] The resource https://i.pinimg.com/236x/b7/a6/f9/b7a6f90537cdffc60e1dbc2faa29978e.jpg was preloaded using link preload but not used within a few seconds from the window's load event. Please make sure it has an appropriate `as` value and it is preloaded intentionally. @ https://www.pinterest.com/search/pins/?q=rimac%20nevera:0
[  183293ms] [WARNING] The resource https://i.pinimg.com/236x/2c/6a/db/2c6adb407255e21796c46260dd74a19f.jpg was preloaded using link preload but not used within a few seconds from the window's load event. Please make sure it has an appropriate `as` value and it is preloaded intentionally. @ https://www.pinterest.com/search/pins/?q=rimac%20nevera:0
[  183293ms] [WARNING] The resource https://i.pinimg.com/236x/77/e6/54/77e65486bf216843519c79cdcbd40d89.jpg was preloaded using link preload but not used within a few seconds from the window's load event. Please make sure it has an appropriate `as` value and it is preloaded intentionally. @ https://www.pinterest.com/search/pins/?q=rimac%20nevera:0
[  183293ms] [WARNING] The resource https://i.pinimg.com/236x/1d/c4/b1/1dc4b13cb17d0591b930668a1e090956.jpg was preloaded using link preload but not used within a few seconds from the window's load event. Please make sure it has an appropriate `as` value and it is preloaded intentionally. @ https://www.pinterest.com/search/pins/?q=rimac%20nevera:0
[  198456ms] [WARNING] The resource https://i.pinimg.com/236x/69/70/12/6970122581c9f0e56ab15cdcdc6ea5fc.jpg was preloaded using link preload but not used within a few seconds from the window's load event. Please make sure it has an appropriate `as` value and it is preloaded intentionally. @ https://www.pinterest.com/search/pins/?q=rimac%20nevera:0
[  198456ms] [WARNING] The resource https://i.pinimg.com/236x/d7/59/72/d7597240563bba61892175d2531c9fa1.jpg was preloaded using link preload but not used within a few seconds from the window's load event. Please make sure it has an appropriate `as` value and it is preloaded intentionally. @ https://www.pinterest.com/search/pins/?q=rimac%20nevera:0
[  198456ms] [WARNING] The resource https://i.pinimg.com/236x/bd/d2/b5/bdd2b54de95990dfadd2bfbebcd61aa9.jpg was preloaded using link preload but not used within a few seconds from the window's load event. Please make sure it has an appropriate `as` value and it is preloaded intentionally. @ https://www.pinterest.com/search/pins/?q=rimac%20nevera:0
[  198456ms] [WARNING] The resource https://i.pinimg.com/236x/cd/7a/01/cd7a017e1e2efab3500385b02cc664d4.jpg was preloaded using link preload but not used within a few seconds from the window's load event. Please make sure it has an appropriate `as` value and it is preloaded intentionally. @ https://www.pinterest.com/search/pins/?q=rimac%20nevera:0
[  198456ms] [WARNING] The resource https://i.pinimg.com/236x/f8/d8/ee/f8d8eeaff51c2fd2fbb296fbeac6ca82.jpg was preloaded using link preload but not used within a few seconds from the window's load event. Please make sure it has an appropriate `as` value and it is preloaded intentionally. @ https://www.pinterest.com/search/pins/?q=rimac%20nevera:0
[  198456ms] [WARNING] The resource https://i.pinimg.com/236x/b7/a6/f9/b7a6f90537cdffc60e1dbc2faa29978e.jpg was preloaded using link preload but not used within a few seconds from the window's load event. Please make sure it has an appropriate `as` value and it is preloaded intentionally. @ https://www.pinterest.com/search/pins/?q=rimac%20nevera:0
[  198456ms] [WARNING] The resource https://i.pinimg.com/236x/2c/6a/db/2c6adb407255e21796c46260dd74a19f.jpg was preloaded using link preload but not used within a few seconds from the window's load event. Please make sure it has an appropriate `as` value and it is preloaded intentionally. @ https://www.pinterest.com/search/pins/?q=rimac%20nevera:0
[  198456ms] [WARNING] The resource https://i.pinimg.com/236x/77/e6/54/77e65486bf216843519c79cdcbd40d89.jpg was preloaded using link preload but not used within a few seconds from the window's load event. Please make sure it has an appropriate `as` value and it is preloaded intentionally. @ https://www.pinterest.com/search/pins/?q=rimac%20nevera:0
[  198456ms] [WARNING] The resource https://i.pinimg.com/236x/1d/c4/b1/1dc4b13cb17d0591b930668a1e090956.jpg was preloaded using link preload but not used within a few seconds from the window's load event. Please make sure it has an appropriate `as` value and it is preloaded intentionally. @ https://www.pinterest.com/search/pins/?q=rimac%20nevera:0
[  213563ms] [WARNING] The resource https://i.pinimg.com/236x/69/70/12/6970122581c9f0e56ab15cdcdc6ea5fc.jpg was preloaded using link preload but not used within a few seconds from the window's load event. Please make sure it has an appropriate `as` value and it is preloaded intentionally. @ https://www.pinterest.com/search/pins/?q=rimac%20nevera:0
[  213563ms] [WARNING] The resource https://i.pinimg.com/236x/d7/59/72/d7597240563bba61892175d2531c9fa1.jpg was preloaded using link preload but not used within a few seconds from the window's load event. Please make sure it has an appropriate `as` value and it is preloaded intentionally. @ https://www.pinterest.com/search/pins/?q=rimac%20nevera:0
[  213563ms] [WARNING] The resource https://i.pinimg.com/236x/bd/d2/b5/bdd2b54de95990dfadd2bfbebcd61aa9.jpg was preloaded using link preload but not used within a few seconds from the window's load event. Please make sure it has an appropriate `as` value and it is preloaded intentionally. @ https://www.pinterest.com/search/pins/?q=rimac%20nevera:0
[  213563ms] [WARNING] The resource https://i.pinimg.com/236x/cd/7a/01/cd7a017e1e2efab3500385b02cc664d4.jpg was preloaded using link preload but not used within a few seconds from the window's load event. Please make sure it has an appropriate `as` value and it is preloaded intentionally. @ https://www.pinterest.com/search/pins/?q=rimac%20nevera:0
[  213563ms] [WARNING] The resource https://i.pinimg.com/236x/f8/d8/ee/f8d8eeaff51c2fd2fbb296fbeac6ca82.jpg was preloaded using link preload but not used within a few seconds from the window's load event. Please make sure it has an appropriate `as` value and it is preloaded intentionally. @ https://www.pinterest.com/search/pins/?q=rimac%20nevera:0
[  213563ms] [WARNING] The resource https://i.pinimg.com/236x/b7/a6/f9/b7a6f90537cdffc60e1dbc2faa29978e.jpg was preloaded using link preload but not used within a few seconds from the window's load event. Please make sure it has an appropriate `as` value and it is preloaded intentionally. @ https://www.pinterest.com/search/pins/?q=rimac%20nevera:0
[  213563ms] [WARNING] The resource https://i.pinimg.com/236x/2c/6a/db/2c6adb407255e21796c46260dd74a19f.jpg was preloaded using link preload but not used within a few seconds from the window's load event. Please make sure it has an appropriate `as` value and it is preloaded intentionally. @ https://www.pinterest.com/search/pins/?q=rimac%20nevera:0
[  213563ms] [WARNING] The resource https://i.pinimg.com/236x/77/e6/54/77e65486bf216843519c79cdcbd40d89.jpg was preloaded using link preload but not used within a few seconds from the window's load event. Please make sure it has an appropriate `as` value and it is preloaded intentionally. @ https://www.pinterest.com/search/pins/?q=rimac%20nevera:0
[  213563ms] [WARNING] The resource https://i.pinimg.com/236x/1d/c4/b1/1dc4b13cb17d0591b930668a1e090956.jpg was preloaded using link preload but not used within a few seconds from the window's load event. Please make sure it has an appropriate `as` value and it is preloaded intentionally. @ https://www.pinterest.com/search/pins/?q=rimac%20nevera:0
[  228685ms] [WARNING] The resource https://i.pinimg.com/236x/69/70/12/6970122581c9f0e56ab15cdcdc6ea5fc.jpg was preloaded using link preload but not used within a few seconds from the window's load event. Please make sure it has an appropriate `as` value and it is preloaded intentionally. @ https://www.pinterest.com/search/pins/?q=rimac%20nevera:0
[  228685ms] [WARNING] The resource https://i.pinimg.com/236x/d7/59/72/d7597240563bba61892175d2531c9fa1.jpg was preloaded using link preload but not used within a few seconds from the window's load event. Please make sure it has an appropriate `as` value and it is preloaded intentionally. @ https://www.pinterest.com/search/pins/?q=rimac%20nevera:0
[  228685ms] [WARNING] The resource https://i.pinimg.com/236x/bd/d2/b5/bdd2b54de95990dfadd2bfbebcd61aa9.jpg was preloaded using link preload but not used within a few seconds from the window's load event. Please make sure it has an appropriate `as` value and it is preloaded intentionally. @ https://www.pinterest.com/search/pins/?q=rimac%20nevera:0
[  228685ms] [WARNING] The resource https://i.pinimg.com/236x/cd/7a/01/cd7a017e1e2efab3500385b02cc664d4.jpg was preloaded using link preload but not used within a few seconds from the window's load event. Please make sure it has an appropriate `as` value and it is preloaded intentionally. @ https://www.pinterest.com/search/pins/?q=rimac%20nevera:0
[  228685ms] [WARNING] The resource https://i.pinimg.com/236x/f8/d8/ee/f8d8eeaff51c2fd2fbb296fbeac6ca82.jpg was preloaded using link preload but not used within a few seconds from the window's load event. Please make sure it has an appropriate `as` value and it is preloaded intentionally. @ https://www.pinterest.com/search/pins/?q=rimac%20nevera:0
[  228685ms] [WARNING] The resource https://i.pinimg.com/236x/b7/a6/f9/b7a6f90537cdffc60e1dbc2faa29978e.jpg was preloaded using link preload but not used within a few seconds from the window's load event. Please make sure it has an appropriate `as` value and it is preloaded intentionally. @ https://www.pinterest.com/search/pins/?q=rimac%20nevera:0
[  228685ms] [WARNING] The resource https://i.pinimg.com/236x/2c/6a/db/2c6adb407255e21796c46260dd74a19f.jpg was preloaded using link preload but not used within a few seconds from the window's load event. Please make sure it has an appropriate `as` value and it is preloaded intentionally. @ https://www.pinterest.com/search/pins/?q=rimac%20nevera:0
[  228685ms] [WARNING] The resource https://i.pinimg.com/236x/77/e6/54/77e65486bf216843519c79cdcbd40d89.jpg was preloaded using link preload but not used within a few seconds from the window's load event. Please make sure it has an appropriate `as` value and it is preloaded intentionally. @ https://www.pinterest.com/search/pins/?q=rimac%20nevera:0
[  228685ms] [WARNING] The resource https://i.pinimg.com/236x/1d/c4/b1/1dc4b13cb17d0591b930668a1e090956.jpg was preloaded using link preload but not used within a few seconds from the window's load event. Please make sure it has an appropriate `as` value and it is preloaded intentionally. @ https://www.pinterest.com/search/pins/?q=rimac%20nevera:0
[  237350ms] [WARNING] The resource https://i.pinimg.com/236x/69/70/12/6970122581c9f0e56ab15cdcdc6ea5fc.jpg was preloaded using link preload but not used within a few seconds from the window's load event. Please make sure it has an appropriate `as` value and it is preloaded intentionally. @ https://www.pinterest.com/search/pins/?q=rimac%20nevera:0
[  237350ms] [WARNING] The resource https://i.pinimg.com/236x/d7/59/72/d7597240563bba61892175d2531c9fa1.jpg was preloaded using link preload but not used within a few seconds from the window's load event. Please make sure it has an appropriate `as` value and it is preloaded intentionally. @ https://www.pinterest.com/search/pins/?q=rimac%20nevera:0
[  237350ms] [WARNING] The resource https://i.pinimg.com/236x/bd/d2/b5/bdd2b54de95990dfadd2bfbebcd61aa9.jpg was preloaded using link preload but not used within a few seconds from the window's load event. Please make sure it has an appropriate `as` value and it is preloaded intentionally. @ https://www.pinterest.com/search/pins/?q=rimac%20nevera:0
[  237350ms] [WARNING] The resource https://i.pinimg.com/236x/cd/7a/01/cd7a017e1e2efab3500385b02cc664d4.jpg was preloaded using link preload but not used within a few seconds from the window's load event. Please make sure it has an appropriate `as` value and it is preloaded intentionally. @ https://www.pinterest.com/search/pins/?q=rimac%20nevera:0
[  237350ms] [WARNING] The resource https://i.pinimg.com/236x/f8/d8/ee/f8d8eeaff51c2fd2fbb296fbeac6ca82.jpg was preloaded using link preload but not used within a few seconds from the window's load event. Please make sure it has an appropriate `as` value and it is preloaded intentionally. @ https://www.pinterest.com/search/pins/?q=rimac%20nevera:0
[  237350ms] [WARNING] The resource https://i.pinimg.com/236x/b7/a6/f9/b7a6f90537cdffc60e1dbc2faa29978e.jpg was preloaded using link preload but not used within a few seconds from the window's load event. Please make sure it has an appropriate `as` value and it is preloaded intentionally. @ https://www.pinterest.com/search/pins/?q=rimac%20nevera:0
[  237350ms] [WARNING] The resource https://i.pinimg.com/236x/2c/6a/db/2c6adb407255e21796c46260dd74a19f.jpg was preloaded using link preload but not used within a few seconds from the window's load event. Please make sure it has an appropriate `as` value and it is preloaded intentionally. @ https://www.pinterest.com/search/pins/?q=rimac%20nevera:0
[  237350ms] [WARNING] The resource https://i.pinimg.com/236x/77/e6/54/77e65486bf216843519c79cdcbd40d89.jpg was preloaded using link preload but not used within a few seconds from the window's load event. Please make sure it has an appropriate `as` value and it is preloaded intentionally. @ https://www.pinterest.com/search/pins/?q=rimac%20nevera:0
[  237350ms] [WARNING] The resource https://i.pinimg.com/236x/1d/c4/b1/1dc4b13cb17d0591b930668a1e090956.jpg was preloaded using link preload but not used within a few seconds from the window's load event. Please make sure it has an appropriate `as` value and it is preloaded intentionally. @ https://www.pinterest.com/search/pins/?q=rimac%20nevera:0
[  242340ms] [WARNING] The resource https://i.pinimg.com/236x/69/70/12/6970122581c9f0e56ab15cdcdc6ea5fc.jpg was preloaded using link preload but not used within a few seconds from the window's load event. Please make sure it has an appropriate `as` value and it is preloaded intentionally. @ https://www.pinterest.com/search/pins/?q=rimac%20nevera:0
[  242340ms] [WARNING] The resource https://i.pinimg.com/236x/d7/59/72/d7597240563bba61892175d2531c9fa1.jpg was preloaded using link preload but not used within a few seconds from the window's load event. Please make sure it has an appropriate `as` value and it is preloaded intentionally. @ https://www.pinterest.com/search/pins/?q=rimac%20nevera:0
[  242340ms] [WARNING] The resource https://i.pinimg.com/236x/bd/d2/b5/bdd2b54de95990dfadd2bfbebcd61aa9.jpg was preloaded using link preload but not used within a few seconds from the window's load event. Please make sure it has an appropriate `as` value and it is preloaded intentionally. @ https://www.pinterest.com/search/pins/?q=rimac%20nevera:0
[  242340ms] [WARNING] The resource https://i.pinimg.com/236x/cd/7a/01/cd7a017e1e2efab3500385b02cc664d4.jpg was preloaded using link preload but not used within a few seconds from the window's load event. Please make sure it has an appropriate `as` value and it is preloaded intentionally. @ https://www.pinterest.com/search/pins/?q=rimac%20nevera:0
[  242340ms] [WARNING] The resource https://i.pinimg.com/236x/f8/d8/ee/f8d8eeaff51c2fd2fbb296fbeac6ca82.jpg was preloaded using link preload but not used within a few seconds from the window's load event. Please make sure it has an appropriate `as` value and it is preloaded intentionally. @ https://www.pinterest.com/search/pins/?q=rimac%20nevera:0
[  242340ms] [WARNING] The resource https://i.pinimg.com/236x/b7/a6/f9/b7a6f90537cdffc60e1dbc2faa29978e.jpg was preloaded using link preload but not used within a few seconds from the window's load event. Please make sure it has an appropriate `as` value and it is preloaded intentionally. @ https://www.pinterest.com/search/pins/?q=rimac%20nevera:0
[  242340ms] [WARNING] The resource https://i.pinimg.com/236x/2c/6a/db/2c6adb407255e21796c46260dd74a19f.jpg was preloaded using link preload but not used within a few seconds from the window's load event. Please make sure it has an appropriate `as` value and it is preloaded intentionally. @ https://www.pinterest.com/search/pins/?q=rimac%20nevera:0
[  242340ms] [WARNING] The resource https://i.pinimg.com/236x/77/e6/54/77e65486bf216843519c79cdcbd40d89.jpg was preloaded using link preload but not used within a few seconds from the window's load event. Please make sure it has an appropriate `as` value and it is preloaded intentionally. @ https://www.pinterest.com/search/pins/?q=rimac%20nevera:0
[  242340ms] [WARNING] The resource https://i.pinimg.com/236x/1d/c4/b1/1dc4b13cb17d0591b930668a1e090956.jpg was preloaded using link preload but not used within a few seconds from the window's load event. Please make sure it has an appropriate `as` value and it is preloaded intentionally. @ https://www.pinterest.com/search/pins/?q=rimac%20nevera:0
[  258973ms] [WARNING] The resource https://i.pinimg.com/236x/69/70/12/6970122581c9f0e56ab15cdcdc6ea5fc.jpg was preloaded using link preload but not used within a few seconds from the window's load event. Please make sure it has an appropriate `as` value and it is preloaded intentionally. @ https://www.pinterest.com/search/pins/?q=rimac%20nevera:0
[  258973ms] [WARNING] The resource https://i.pinimg.com/236x/d7/59/72/d7597240563bba61892175d2531c9fa1.jpg was preloaded using link preload but not used within a few seconds from the window's load event. Please make sure it has an appropriate `as` value and it is preloaded intentionally. @ https://www.pinterest.com/search/pins/?q=rimac%20nevera:0
[  258973ms] [WARNING] The resource https://i.pinimg.com/236x/bd/d2/b5/bdd2b54de95990dfadd2bfbebcd61aa9.jpg was preloaded using link preload but not used within a few seconds from the window's load event. Please make sure it has an appropriate `as` value and it is preloaded intentionally. @ https://www.pinterest.com/search/pins/?q=rimac%20nevera:0
[  258973ms] [WARNING] The resource https://i.pinimg.com/236x/cd/7a/01/cd7a017e1e2efab3500385b02cc664d4.jpg was preloaded using link preload but not used within a few seconds from the window's load event. Please make sure it has an appropriate `as` value and it is preloaded intentionally. @ https://www.pinterest.com/search/pins/?q=rimac%20nevera:0
[  258973ms] [WARNING] The resource https://i.pinimg.com/236x/f8/d8/ee/f8d8eeaff51c2fd2fbb296fbeac6ca82.jpg was preloaded using link preload but not used within a few seconds from the window's load event. Please make sure it has an appropriate `as` value and it is preloaded intentionally. @ https://www.pinterest.com/search/pins/?q=rimac%20nevera:0
[  258973ms] [WARNING] The resource https://i.pinimg.com/236x/b7/a6/f9/b7a6f90537cdffc60e1dbc2faa29978e.jpg was preloaded using link preload but not used within a few seconds from the window's load event. Please make sure it has an appropriate `as` value and it is preloaded intentionally. @ https://www.pinterest.com/search/pins/?q=rimac%20nevera:0
[  258973ms] [WARNING] The resource https://i.pinimg.com/236x/2c/6a/db/2c6adb407255e21796c46260dd74a19f.jpg was preloaded using link preload but not used within a few seconds from the window's load event. Please make sure it has an appropriate `as` value and it is preloaded intentionally. @ https://www.pinterest.com/search/pins/?q=rimac%20nevera:0
[  258973ms] [WARNING] The resource https://i.pinimg.com/236x/77/e6/54/77e65486bf216843519c79cdcbd40d89.jpg was preloaded using link preload but not used within a few seconds from the window's load event. Please make sure it has an appropriate `as` value and it is preloaded intentionally. @ https://www.pinterest.com/search/pins/?q=rimac%20nevera:0
[  258973ms] [WARNING] The resource https://i.pinimg.com/236x/1d/c4/b1/1dc4b13cb17d0591b930668a1e090956.jpg was preloaded using link preload but not used within a few seconds from the window's load event. Please make sure it has an appropriate `as` value and it is preloaded intentionally. @ https://www.pinterest.com/search/pins/?q=rimac%20nevera:0
[  274085ms] [WARNING] The resource https://i.pinimg.com/236x/69/70/12/6970122581c9f0e56ab15cdcdc6ea5fc.jpg was preloaded using link preload but not used within a few seconds from the window's load event. Please make sure it has an appropriate `as` value and it is preloaded intentionally. @ https://www.pinterest.com/search/pins/?q=rimac%20nevera:0
[  274085ms] [WARNING] The resource https://i.pinimg.com/236x/d7/59/72/d7597240563bba61892175d2531c9fa1.jpg was preloaded using link preload but not used within a few seconds from the window's load event. Please make sure it has an appropriate `as` value and it is preloaded intentionally. @ https://www.pinterest.com/search/pins/?q=rimac%20nevera:0
[  274085ms] [WARNING] The resource https://i.pinimg.com/236x/bd/d2/b5/bdd2b54de95990dfadd2bfbebcd61aa9.jpg was preloaded using link preload but not used within a few seconds from the window's load event. Please make sure it has an appropriate `as` value and it is preloaded intentionally. @ https://www.pinterest.com/search/pins/?q=rimac%20nevera:0
[  274085ms] [WARNING] The resource https://i.pinimg.com/236x/cd/7a/01/cd7a017e1e2efab3500385b02cc664d4.jpg was preloaded using link preload but not used within a few seconds from the window's load event. Please make sure it has an appropriate `as` value and it is preloaded intentionally. @ https://www.pinterest.com/search/pins/?q=rimac%20nevera:0
[  274086ms] [WARNING] The resource https://i.pinimg.com/236x/f8/d8/ee/f8d8eeaff51c2fd2fbb296fbeac6ca82.jpg was preloaded using link preload but not used within a few seconds from the window's load event. Please make sure it has an appropriate `as` value and it is preloaded intentionally. @ https://www.pinterest.com/search/pins/?q=rimac%20nevera:0
[  274086ms] [WARNING] The resource https://i.pinimg.com/236x/b7/a6/f9/b7a6f90537cdffc60e1dbc2faa29978e.jpg was preloaded using link preload but not used within a few seconds from the window's load event. Please make sure it has an appropriate `as` value and it is preloaded intentionally. @ https://www.pinterest.com/search/pins/?q=rimac%20nevera:0
[  274086ms] [WARNING] The resource https://i.pinimg.com/236x/2c/6a/db/2c6adb407255e21796c46260dd74a19f.jpg was preloaded using link preload but not used within a few seconds from the window's load event. Please make sure it has an appropriate `as` value and it is preloaded intentionally. @ https://www.pinterest.com/search/pins/?q=rimac%20nevera:0
[  274086ms] [WARNING] The resource https://i.pinimg.com/236x/77/e6/54/77e65486bf216843519c79cdcbd40d89.jpg was preloaded using link preload but not used within a few seconds from the window's load event. Please make sure it has an appropriate `as` value and it is preloaded intentionally. @ https://www.pinterest.com/search/pins/?q=rimac%20nevera:0
[  274086ms] [WARNING] The resource https://i.pinimg.com/236x/1d/c4/b1/1dc4b13cb17d0591b930668a1e090956.jpg was preloaded using link preload but not used within a few seconds from the window's load event. Please make sure it has an appropriate `as` value and it is preloaded intentionally. @ https://www.pinterest.com/search/pins/?q=rimac%20nevera:0
